Archive member included to satisfy reference by file (symbol)

/usr/local/Cellar/arm-none-eabi-gcc/10.3-2021.07/gcc/bin/../lib/gcc/arm-none-eabi/10.3.1/../../../../arm-none-eabi/lib/thumb/v7e-m+fp/hard/libc_nano.a(lib_a-exit.o)
                              /usr/local/Cellar/arm-none-eabi-gcc/10.3-2021.07/gcc/bin/../lib/gcc/arm-none-eabi/10.3.1/../../../../arm-none-eabi/lib/thumb/v7e-m+fp/hard/crt0.o (exit)
/usr/local/Cellar/arm-none-eabi-gcc/10.3-2021.07/gcc/bin/../lib/gcc/arm-none-eabi/10.3.1/../../../../arm-none-eabi/lib/thumb/v7e-m+fp/hard/libc_nano.a(lib_a-impure.o)
                              /usr/local/Cellar/arm-none-eabi-gcc/10.3-2021.07/gcc/bin/../lib/gcc/arm-none-eabi/10.3.1/../../../../arm-none-eabi/lib/thumb/v7e-m+fp/hard/libc_nano.a(lib_a-exit.o) (_global_impure_ptr)
/usr/local/Cellar/arm-none-eabi-gcc/10.3-2021.07/gcc/bin/../lib/gcc/arm-none-eabi/10.3.1/../../../../arm-none-eabi/lib/thumb/v7e-m+fp/hard/libc_nano.a(lib_a-init.o)
                              /usr/local/Cellar/arm-none-eabi-gcc/10.3-2021.07/gcc/bin/../lib/gcc/arm-none-eabi/10.3.1/../../../../arm-none-eabi/lib/thumb/v7e-m+fp/hard/crt0.o (__libc_init_array)
/usr/local/Cellar/arm-none-eabi-gcc/10.3-2021.07/gcc/bin/../lib/gcc/arm-none-eabi/10.3.1/../../../../arm-none-eabi/lib/thumb/v7e-m+fp/hard/libc_nano.a(lib_a-memset.o)
                              /usr/local/Cellar/arm-none-eabi-gcc/10.3-2021.07/gcc/bin/../lib/gcc/arm-none-eabi/10.3.1/../../../../arm-none-eabi/lib/thumb/v7e-m+fp/hard/crt0.o (memset)
/usr/local/Cellar/arm-none-eabi-gcc/10.3-2021.07/gcc/bin/../lib/gcc/arm-none-eabi/10.3.1/../../../../arm-none-eabi/lib/thumb/v7e-m+fp/hard/libnosys.a(_exit.o)
                              /usr/local/Cellar/arm-none-eabi-gcc/10.3-2021.07/gcc/bin/../lib/gcc/arm-none-eabi/10.3.1/../../../../arm-none-eabi/lib/thumb/v7e-m+fp/hard/libc_nano.a(lib_a-exit.o) (_exit)
build/libtoggle.a(toggle-43b1c97b68e4c650.510zphdjsbjelpix.rcgu.o)
                              build/main.o (togglePin)
build/libtoggle.a(cortex_m-eb308dfda27aded6.cortex_m.58926f75-cgu.0.rcgu.o)
                              build/libtoggle.a(toggle-43b1c97b68e4c650.510zphdjsbjelpix.rcgu.o) (core::ptr::read_volatile)
build/libtoggle.a(cortex_m-eb308dfda27aded6.cortex_m.58926f75-cgu.10.rcgu.o)
                              build/libtoggle.a(cortex_m-eb308dfda27aded6.cortex_m.58926f75-cgu.0.rcgu.o) (core::ptr::metadata::from_raw_parts)
build/libtoggle.a(cortex_m-eb308dfda27aded6.cortex_m.58926f75-cgu.14.rcgu.o)
                              build/libtoggle.a(cortex_m-eb308dfda27aded6.cortex_m.58926f75-cgu.0.rcgu.o) (core::ptr::const_ptr::<impl *const T>::cast)
build/libtoggle.a(compiler_builtins-4ed0d6be3c6125f4.compiler_builtins.2dbc1a3a-cgu.170.rcgu.o)
                              build/stm32f4xx_hal_uart.o (__aeabi_uldivmod)
build/libtoggle.a(compiler_builtins-4ed0d6be3c6125f4.compiler_builtins.2dbc1a3a-cgu.208.rcgu.o)
                              build/libtoggle.a(compiler_builtins-4ed0d6be3c6125f4.compiler_builtins.2dbc1a3a-cgu.170.rcgu.o) (__udivmoddi4)
build/libtoggle.a(core-d8d9ed5c32c45353.core.b1eca9fd-cgu.0.rcgu.o)
                              build/libtoggle.a(cortex_m-eb308dfda27aded6.cortex_m.58926f75-cgu.14.rcgu.o) (core::fmt::Formatter::write_str)
build/libtoggle.a(toggle-43b1c97b68e4c650.2xyew2l1wk9mybql.rcgu.o)
                              build/libtoggle.a(toggle-43b1c97b68e4c650.510zphdjsbjelpix.rcgu.o) (toggle::togglePin::{{closure}})
build/libtoggle.a(toggle-43b1c97b68e4c650.3btwzem5pw76eeaz.rcgu.o)
                              build/libtoggle.a(toggle-43b1c97b68e4c650.2xyew2l1wk9mybql.rcgu.o) (core::convert::num::<impl core::convert::From<bool> for u32>::from)
build/libtoggle.a(panic_halt-9bdf668985d9dba9.panic_halt.333131af-cgu.0.rcgu.o)
                              build/libtoggle.a(core-d8d9ed5c32c45353.core.b1eca9fd-cgu.0.rcgu.o) (rust_begin_unwind)
build/libtoggle.a(panic_halt-9bdf668985d9dba9.panic_halt.333131af-cgu.2.rcgu.o)
                              build/libtoggle.a(panic_halt-9bdf668985d9dba9.panic_halt.333131af-cgu.0.rcgu.o) (core::sync::atomic::compiler_fence)
build/libtoggle.a(compiler_builtins-4ed0d6be3c6125f4.compiler_builtins.2dbc1a3a-cgu.0.rcgu.o)
                              build/libtoggle.a(core-d8d9ed5c32c45353.core.b1eca9fd-cgu.0.rcgu.o) (__aeabi_memcpy4)
build/libtoggle.a(compiler_builtins-4ed0d6be3c6125f4.compiler_builtins.2dbc1a3a-cgu.128.rcgu.o)
                              build/libtoggle.a(core-d8d9ed5c32c45353.core.b1eca9fd-cgu.0.rcgu.o) (__aeabi_memcpy)
build/libtoggle.a(compiler_builtins-4ed0d6be3c6125f4.compiler_builtins.2dbc1a3a-cgu.134.rcgu.o)
                              build/libtoggle.a(core-d8d9ed5c32c45353.core.b1eca9fd-cgu.0.rcgu.o) (__aeabi_ul2d)
build/libtoggle.a(compiler_builtins-4ed0d6be3c6125f4.compiler_builtins.2dbc1a3a-cgu.140.rcgu.o)
                              build/libtoggle.a(core-d8d9ed5c32c45353.core.b1eca9fd-cgu.0.rcgu.o) (__aeabi_ul2f)
[...]
Memory Configuration

Name             Origin             Length             Attributes
RAM              0x0000000020000000 0x0000000000018000 xrw
FLASH            0x0000000008000000 0x0000000000080000 xr
*default*        0x0000000000000000 0xffffffffffffffff

Linker script and memory map

LOAD /usr/local/Cellar/arm-none-eabi-gcc/10.3-2021.07/gcc/bin/../lib/gcc/arm-none-eabi/10.3.1/thumb/v7e-m+fp/hard/crti.o
LOAD /usr/local/Cellar/arm-none-eabi-gcc/10.3-2021.07/gcc/bin/../lib/gcc/arm-none-eabi/10.3.1/thumb/v7e-m+fp/hard/crtbegin.o
LOAD /usr/local/Cellar/arm-none-eabi-gcc/10.3-2021.07/gcc/bin/../lib/gcc/arm-none-eabi/10.3.1/../../../../arm-none-eabi/lib/thumb/v7e-m+fp/hard/crt0.o
LOAD build/main.o
LOAD build/gpio.o
LOAD build/usart.o
LOAD build/stm32f4xx_it.o
LOAD build/stm32f4xx_hal_msp.o
LOAD build/stm32f4xx_hal_tim.o
LOAD build/stm32f4xx_hal_tim_ex.o
LOAD build/stm32f4xx_hal_uart.o
LOAD build/stm32f4xx_hal_rcc.o
LOAD build/stm32f4xx_hal_rcc_ex.o
LOAD build/stm32f4xx_hal_flash.o
LOAD build/stm32f4xx_hal_flash_ex.o
LOAD build/stm32f4xx_hal_flash_ramfunc.o
LOAD build/stm32f4xx_hal_gpio.o
LOAD build/stm32f4xx_hal_dma_ex.o
LOAD build/stm32f4xx_hal_dma.o
LOAD build/stm32f4xx_hal_pwr.o
LOAD build/stm32f4xx_hal_pwr_ex.o
LOAD build/stm32f4xx_hal_cortex.o
LOAD build/stm32f4xx_hal.o
LOAD build/stm32f4xx_hal_exti.o
LOAD build/system_stm32f4xx.o
LOAD build/startup_stm32f401xe.o
LOAD /usr/local/Cellar/arm-none-eabi-gcc/10.3-2021.07/gcc/bin/../lib/gcc/arm-none-eabi/10.3.1/../../../../arm-none-eabi/lib/thumb/v7e-m+fp/hard/libc_nano.a
LOAD /usr/local/Cellar/arm-none-eabi-gcc/10.3-2021.07/gcc/bin/../lib/gcc/arm-none-eabi/10.3.1/../../../../arm-none-eabi/lib/thumb/v7e-m+fp/hard/libm.a
LOAD /usr/local/Cellar/arm-none-eabi-gcc/10.3-2021.07/gcc/bin/../lib/gcc/arm-none-eabi/10.3.1/../../../../arm-none-eabi/lib/thumb/v7e-m+fp/hard/libnosys.a
LOAD build/libtoggle.a
START GROUP
LOAD /usr/local/Cellar/arm-none-eabi-gcc/10.3-2021.07/gcc/bin/../lib/gcc/arm-none-eabi/10.3.1/thumb/v7e-m+fp/hard/libgcc.a
LOAD /usr/local/Cellar/arm-none-eabi-gcc/10.3-2021.07/gcc/bin/../lib/gcc/arm-none-eabi/10.3.1/../../../../arm-none-eabi/lib/thumb/v7e-m+fp/hard/libc_nano.a
END GROUP
START GROUP
LOAD /usr/local/Cellar/arm-none-eabi-gcc/10.3-2021.07/gcc/bin/../lib/gcc/arm-none-eabi/10.3.1/thumb/v7e-m+fp/hard/libgcc.a
LOAD /usr/local/Cellar/arm-none-eabi-gcc/10.3-2021.07/gcc/bin/../lib/gcc/arm-none-eabi/10.3.1/../../../../arm-none-eabi/lib/thumb/v7e-m+fp/hard/libc_nano.a
END GROUP
LOAD /usr/local/Cellar/arm-none-eabi-gcc/10.3-2021.07/gcc/bin/../lib/gcc/arm-none-eabi/10.3.1/thumb/v7e-m+fp/hard/crtend.o
LOAD /usr/local/Cellar/arm-none-eabi-gcc/10.3-2021.07/gcc/bin/../lib/gcc/arm-none-eabi/10.3.1/thumb/v7e-m+fp/hard/crtn.o
                0x0000000020018000                _estack = (ORIGIN (RAM) + LENGTH (RAM))
                0x0000000000000200                _Min_Heap_Size = 0x200
                0x0000000000000400                _Min_Stack_Size = 0x400

.isr_vector     0x0000000008000000      0x194
                0x0000000008000000                . = ALIGN (0x4)
 *(.isr_vector)
 .isr_vector    0x0000000008000000      0x194 build/startup_stm32f401xe.o
                0x0000000008000000                g_pfnVectors
                0x0000000008000194                . = ALIGN (0x4)

.text           0x0000000008000194     0x133c
                0x0000000008000194                . = ALIGN (0x4)
 *(.text)
 .text          0x0000000008000194       0x40 /usr/local/Cellar/arm-none-eabi-gcc/10.3-2021.07/gcc/bin/../lib/gcc/arm-none-eabi/10.3.1/thumb/v7e-m+fp/hard/crtbegin.o
 *(.text*)
 .text.Error_Handler
                0x00000000080001d4        0x4 build/main.o
                0x00000000080001d4                Error_Handler
 .text.SystemClock_Config
                0x00000000080001d8       0xa4 build/main.o
                0x00000000080001d8                SystemClock_Config
 .text.main     0x000000000800027c       0x28 build/main.o
                0x000000000800027c                main
 .text.MX_GPIO_Init
                0x00000000080002a4       0xa8 build/gpio.o
                0x00000000080002a4                MX_GPIO_Init
 .text.MX_USART2_UART_Init
                0x000000000800034c       0x34 build/usart.o
                0x000000000800034c                MX_USART2_UART_Init
 .text.HAL_UART_MspInit
                0x0000000008000380       0x6c build/usart.o
                0x0000000008000380                HAL_UART_MspInit
 .text.NMI_Handler
                0x00000000080003ec        0x2 build/stm32f4xx_it.o
                0x00000000080003ec                NMI_Handler
 .text.HardFault_Handler
                0x00000000080003ee        0x2 build/stm32f4xx_it.o
                0x00000000080003ee                HardFault_Handler
 .text.MemManage_Handler
                0x00000000080003f0        0x2 build/stm32f4xx_it.o
                0x00000000080003f0                MemManage_Handler
 .text.BusFault_Handler
                0x00000000080003f2        0x2 build/stm32f4xx_it.o
                0x00000000080003f2                BusFault_Handler
 .text.UsageFault_Handler
                0x00000000080003f4        0x2 build/stm32f4xx_it.o
                0x00000000080003f4                UsageFault_Handler
 .text.SVC_Handler
                0x00000000080003f6        0x2 build/stm32f4xx_it.o
                0x00000000080003f6                SVC_Handler
 .text.DebugMon_Handler
                0x00000000080003f8        0x2 build/stm32f4xx_it.o
                0x00000000080003f8                DebugMon_Handler
 .text.PendSV_Handler
                0x00000000080003fa        0x2 build/stm32f4xx_it.o
                0x00000000080003fa                PendSV_Handler
 .text.SysTick_Handler
                0x00000000080003fc        0x8 build/stm32f4xx_it.o
                0x00000000080003fc                SysTick_Handler
 .text.HAL_MspInit
                0x0000000008000404       0x40 build/stm32f4xx_hal_msp.o
                0x0000000008000404                HAL_MspInit
 .text.UART_SetConfig
                0x0000000008000444      0x110 build/stm32f4xx_hal_uart.o
 .text.HAL_UART_Init
                0x0000000008000554       0x5e build/stm32f4xx_hal_uart.o
                0x0000000008000554                HAL_UART_Init
 *fill*         0x00000000080005b2        0x2 
 .text.HAL_RCC_OscConfig
                0x00000000080005b4      0x3f8 build/stm32f4xx_hal_rcc.o
                0x00000000080005b4                HAL_RCC_OscConfig
 .text.HAL_RCC_GetSysClockFreq
                0x00000000080009ac       0xd4 build/stm32f4xx_hal_rcc.o
                0x00000000080009ac                HAL_RCC_GetSysClockFreq
 .text.HAL_RCC_ClockConfig
                0x0000000008000a80      0x160 build/stm32f4xx_hal_rcc.o
                0x0000000008000a80                HAL_RCC_ClockConfig
 .text.HAL_RCC_GetHCLKFreq
                0x0000000008000be0        0xc build/stm32f4xx_hal_rcc.o
                0x0000000008000be0                HAL_RCC_GetHCLKFreq
 .text.HAL_RCC_GetPCLK1Freq
                0x0000000008000bec       0x20 build/stm32f4xx_hal_rcc.o
                0x0000000008000bec                HAL_RCC_GetPCLK1Freq
 .text.HAL_RCC_GetPCLK2Freq
                0x0000000008000c0c       0x20 build/stm32f4xx_hal_rcc.o
                0x0000000008000c0c                HAL_RCC_GetPCLK2Freq
 .text.HAL_GPIO_Init
                0x0000000008000c2c      0x1c0 build/stm32f4xx_hal_gpio.o
                0x0000000008000c2c                HAL_GPIO_Init
 .text.HAL_GPIO_WritePin
                0x0000000008000dec        0xc build/stm32f4xx_hal_gpio.o
                0x0000000008000dec                HAL_GPIO_WritePin
 .text.HAL_NVIC_SetPriorityGrouping
                0x0000000008000df8       0x24 build/stm32f4xx_hal_cortex.o
                0x0000000008000df8                HAL_NVIC_SetPriorityGrouping
 .text.HAL_NVIC_SetPriority
                0x0000000008000e1c       0x70 build/stm32f4xx_hal_cortex.o
                0x0000000008000e1c                HAL_NVIC_SetPriority
 .text.HAL_SYSTICK_Config
                0x0000000008000e8c       0x28 build/stm32f4xx_hal_cortex.o
                0x0000000008000e8c                HAL_SYSTICK_Config
 .text.HAL_InitTick
                0x0000000008000eb4       0x4c build/stm32f4xx_hal.o
                0x0000000008000eb4                HAL_InitTick
 .text.HAL_Init
                0x0000000008000f00       0x34 build/stm32f4xx_hal.o
                0x0000000008000f00                HAL_Init
 .text.HAL_IncTick
                0x0000000008000f34       0x18 build/stm32f4xx_hal.o
                0x0000000008000f34                HAL_IncTick
 .text.HAL_GetTick
                0x0000000008000f4c        0xc build/stm32f4xx_hal.o
                0x0000000008000f4c                HAL_GetTick
 .text.HAL_Delay
                0x0000000008000f58       0x28 build/stm32f4xx_hal.o
                0x0000000008000f58                HAL_Delay
 .text.SystemInit
                0x0000000008000f80       0x14 build/system_stm32f4xx.o
                0x0000000008000f80                SystemInit
 .text.Reset_Handler
                0x0000000008000f94       0x50 build/startup_stm32f401xe.o
                0x0000000008000f94                Reset_Handler
 .text.Default_Handler
                0x0000000008000fe4        0x2 build/startup_stm32f401xe.o
                0x0000000008000fe4                DMA1_Stream3_IRQHandler
                0x0000000008000fe4                EXTI2_IRQHandler
                0x0000000008000fe4                SPI4_IRQHandler
                0x0000000008000fe4                TIM1_CC_IRQHandler
                0x0000000008000fe4                DMA2_Stream5_IRQHandler
                0x0000000008000fe4                DMA1_Stream5_IRQHandler
                0x0000000008000fe4                PVD_IRQHandler
                0x0000000008000fe4                SDIO_IRQHandler
                0x0000000008000fe4                TAMP_STAMP_IRQHandler
                0x0000000008000fe4                EXTI3_IRQHandler
                0x0000000008000fe4                TIM1_UP_TIM10_IRQHandler
                0x0000000008000fe4                I2C3_ER_IRQHandler
                0x0000000008000fe4                EXTI0_IRQHandler
                0x0000000008000fe4                I2C2_EV_IRQHandler
                0x0000000008000fe4                DMA1_Stream2_IRQHandler
                0x0000000008000fe4                FPU_IRQHandler
                0x0000000008000fe4                DMA2_Stream2_IRQHandler
                0x0000000008000fe4                SPI1_IRQHandler
                0x0000000008000fe4                TIM1_BRK_TIM9_IRQHandler
                0x0000000008000fe4                DMA2_Stream3_IRQHandler
                0x0000000008000fe4                USART6_IRQHandler
                0x0000000008000fe4                DMA2_Stream0_IRQHandler
                0x0000000008000fe4                TIM4_IRQHandler
                0x0000000008000fe4                I2C1_EV_IRQHandler
                0x0000000008000fe4                DMA1_Stream6_IRQHandler
                0x0000000008000fe4                DMA1_Stream1_IRQHandler
                0x0000000008000fe4                TIM3_IRQHandler
                0x0000000008000fe4                RCC_IRQHandler
                0x0000000008000fe4                Default_Handler
                0x0000000008000fe4                EXTI15_10_IRQHandler
                0x0000000008000fe4                ADC_IRQHandler
                0x0000000008000fe4                DMA1_Stream7_IRQHandler
                0x0000000008000fe4                TIM5_IRQHandler
                0x0000000008000fe4                DMA2_Stream7_IRQHandler
                0x0000000008000fe4                I2C3_EV_IRQHandler
                0x0000000008000fe4                EXTI9_5_IRQHandler
                0x0000000008000fe4                RTC_WKUP_IRQHandler
                0x0000000008000fe4                SPI2_IRQHandler
                0x0000000008000fe4                DMA1_Stream0_IRQHandler
                0x0000000008000fe4                EXTI4_IRQHandler
                0x0000000008000fe4                WWDG_IRQHandler
                0x0000000008000fe4                TIM2_IRQHandler
                0x0000000008000fe4                OTG_FS_WKUP_IRQHandler
                0x0000000008000fe4                TIM1_TRG_COM_TIM11_IRQHandler
                0x0000000008000fe4                EXTI1_IRQHandler
                0x0000000008000fe4                USART2_IRQHandler
                0x0000000008000fe4                I2C2_ER_IRQHandler
                0x0000000008000fe4                DMA2_Stream1_IRQHandler
                0x0000000008000fe4                FLASH_IRQHandler
                0x0000000008000fe4                DMA2_Stream4_IRQHandler
                0x0000000008000fe4                USART1_IRQHandler
                0x0000000008000fe4                OTG_FS_IRQHandler
                0x0000000008000fe4                SPI3_IRQHandler
                0x0000000008000fe4                DMA1_Stream4_IRQHandler
                0x0000000008000fe4                I2C1_ER_IRQHandler
                0x0000000008000fe4                DMA2_Stream6_IRQHandler
                0x0000000008000fe4                RTC_Alarm_IRQHandler
 *fill*         0x0000000008000fe6        0x2 
 .text.__libc_init_array
                0x0000000008000fe8       0x48 /usr/local/Cellar/arm-none-eabi-gcc/10.3-2021.07/gcc/bin/../lib/gcc/arm-none-eabi/10.3.1/../../../../arm-none-eabi/lib/thumb/v7e-m+fp/hard/libc_nano.a(lib_a-init.o)
                0x0000000008000fe8                __libc_init_array
 .text.memset   0x0000000008001030       0x10 /usr/local/Cellar/arm-none-eabi-gcc/10.3-2021.07/gcc/bin/../lib/gcc/arm-none-eabi/10.3.1/../../../../arm-none-eabi/lib/thumb/v7e-m+fp/hard/libc_nano.a(lib_a-memset.o)
                0x0000000008001030                memset
 .text.togglePin
                0x0000000008001040       0x56 build/libtoggle.a(toggle-43b1c97b68e4c650.510zphdjsbjelpix.rcgu.o)
                0x0000000008001040                togglePin
 .text._ZN4core3ptr13read_volatile17h2fb02fe94487f22dE
                0x0000000008001096       0x14 build/libtoggle.a(cortex_m-eb308dfda27aded6.cortex_m.58926f75-cgu.0.rcgu.o)
                0x0000000008001096                core::ptr::read_volatile
 .text._ZN4core3ptr14write_volatile17h715bc421ffe47d03E
                0x00000000080010aa        0xe build/libtoggle.a(cortex_m-eb308dfda27aded6.cortex_m.58926f75-cgu.0.rcgu.o)
                0x00000000080010aa                core::ptr::write_volatile
 .text.__aeabi_uldivmod
                0x00000000080010b8       0x16 build/libtoggle.a(compiler_builtins-4ed0d6be3c6125f4.compiler_builtins.2dbc1a3a-cgu.170.rcgu.o)
                0x00000000080010b8                __aeabi_uldivmod
 .text.__udivmoddi4
                0x00000000080010ce       0x18 build/libtoggle.a(compiler_builtins-4ed0d6be3c6125f4.compiler_builtins.2dbc1a3a-cgu.208.rcgu.o)
                0x00000000080010ce                __udivmoddi4
 .text._ZN6toggle9togglePin28_$u7b$$u7b$closure$u7d$$u7d$17h4fdbac92876f50d0E
                0x00000000080010e6       0x80 build/libtoggle.a(toggle-43b1c97b68e4c650.2xyew2l1wk9mybql.rcgu.o)
                0x00000000080010e6                toggle::togglePin::{{closure}}
 .text._ZN4core7convert3num65_$LT$impl$u20$core..convert..From$LT$bool$GT$$u20$for$u20$u32$GT$4from17h61cd6d5f76789c62E
                0x0000000008001166        0xa build/libtoggle.a(toggle-43b1c97b68e4c650.3btwzem5pw76eeaz.rcgu.o)
                0x0000000008001166                core::convert::num::<impl core::convert::From<bool> for u32>::from
 .text._ZN17compiler_builtins3int19specialized_div_rem11u64_div_rem17h72b5357322553e81E
                0x0000000008001170      0x346 build/libtoggle.a(compiler_builtins-4ed0d6be3c6125f4.compiler_builtins.2dbc1a3a-cgu.206.rcgu.o)
                0x0000000008001170                compiler_builtins::int::specialized_div_rem::u64_div_rem
 *(.glue_7)
 .glue_7        0x00000000080014b6        0x0 linker stubs
 *(.glue_7t)
 .glue_7t       0x00000000080014b6        0x0 linker stubs
 *(.eh_frame)
 *fill*         0x00000000080014b6        0x2 
 .eh_frame      0x00000000080014b8        0x0 /usr/local/Cellar/arm-none-eabi-gcc/10.3-2021.07/gcc/bin/../lib/gcc/arm-none-eabi/10.3.1/thumb/v7e-m+fp/hard/crtbegin.o
 *(.init)
 .init          0x00000000080014b8        0x4 /usr/local/Cellar/arm-none-eabi-gcc/10.3-2021.07/gcc/bin/../lib/gcc/arm-none-eabi/10.3.1/thumb/v7e-m+fp/hard/crti.o
                0x00000000080014b8                _init
 .init          0x00000000080014bc        0x8 /usr/local/Cellar/arm-none-eabi-gcc/10.3-2021.07/gcc/bin/../lib/gcc/arm-none-eabi/10.3.1/thumb/v7e-m+fp/hard/crtn.o
 *(.fini)
 .fini          0x00000000080014c4        0x4 /usr/local/Cellar/arm-none-eabi-gcc/10.3-2021.07/gcc/bin/../lib/gcc/arm-none-eabi/10.3.1/thumb/v7e-m+fp/hard/crti.o
                0x00000000080014c4                _fini
 .fini          0x00000000080014c8        0x8 /usr/local/Cellar/arm-none-eabi-gcc/10.3-2021.07/gcc/bin/../lib/gcc/arm-none-eabi/10.3.1/thumb/v7e-m+fp/hard/crtn.o
                0x00000000080014d0                . = ALIGN (0x4)
                0x00000000080014d0                _etext = .

.vfp11_veneer   0x00000000080014d0        0x0
 .vfp11_veneer  0x00000000080014d0        0x0 linker stubs

.v4_bx          0x00000000080014d0        0x0
 .v4_bx         0x00000000080014d0        0x0 linker stubs

.iplt           0x00000000080014d0        0x0
 .iplt          0x00000000080014d0        0x0 /usr/local/Cellar/arm-none-eabi-gcc/10.3-2021.07/gcc/bin/../lib/gcc/arm-none-eabi/10.3.1/thumb/v7e-m+fp/hard/crtbegin.o

.rodata         0x00000000080014d0       0x18
                0x00000000080014d0                . = ALIGN (0x4)
 *(.rodata)
 *(.rodata*)
 .rodata.AHBPrescTable
                0x00000000080014d0       0x10 build/system_stm32f4xx.o
                0x00000000080014d0                AHBPrescTable
 .rodata.APBPrescTable
                0x00000000080014e0        0x8 build/system_stm32f4xx.o
                0x00000000080014e0                APBPrescTable
                0x00000000080014e8                . = ALIGN (0x4)

.ARM.extab
 *(.ARM.extab* .gnu.linkonce.armextab.*)

.ARM            0x00000000080014e8        0x8
                0x00000000080014e8                __exidx_start = .
 *(.ARM.exidx*)
 .ARM.exidx.text.togglePin
                0x00000000080014e8        0x8 build/libtoggle.a(toggle-43b1c97b68e4c650.510zphdjsbjelpix.rcgu.o)
 .ARM.exidx.text._ZN4core3ptr13read_volatile17h2fb02fe94487f22dE
                0x00000000080014f0        0x0 build/libtoggle.a(cortex_m-eb308dfda27aded6.cortex_m.58926f75-cgu.0.rcgu.o)
                                          0x8 (size before relaxing)
 .ARM.exidx.text._ZN4core3ptr14write_volatile17h715bc421ffe47d03E
                0x00000000080014f0        0x0 build/libtoggle.a(cortex_m-eb308dfda27aded6.cortex_m.58926f75-cgu.0.rcgu.o)
                                          0x8 (size before relaxing)
 .ARM.exidx.text.__aeabi_uldivmod
                0x00000000080014f0        0x0 build/libtoggle.a(compiler_builtins-4ed0d6be3c6125f4.compiler_builtins.2dbc1a3a-cgu.170.rcgu.o)
                                          0x8 (size before relaxing)
 .ARM.exidx.text.__udivmoddi4
                0x00000000080014f0        0x0 build/libtoggle.a(compiler_builtins-4ed0d6be3c6125f4.compiler_builtins.2dbc1a3a-cgu.208.rcgu.o)
                                          0x8 (size before relaxing)
 .ARM.exidx.text._ZN6toggle9togglePin28_$u7b$$u7b$closure$u7d$$u7d$17h4fdbac92876f50d0E
                0x00000000080014f0        0x0 build/libtoggle.a(toggle-43b1c97b68e4c650.2xyew2l1wk9mybql.rcgu.o)
                                          0x8 (size before relaxing)
 .ARM.exidx.text._ZN4core7convert3num65_$LT$impl$u20$core..convert..From$LT$bool$GT$$u20$for$u20$u32$GT$4from17h61cd6d5f76789c62E
                0x00000000080014f0        0x0 build/libtoggle.a(toggle-43b1c97b68e4c650.3btwzem5pw76eeaz.rcgu.o)
                                          0x8 (size before relaxing)
 .ARM.exidx.text._ZN17compiler_builtins3int19specialized_div_rem11u64_div_rem17h72b5357322553e81E
                0x00000000080014f0        0x0 build/libtoggle.a(compiler_builtins-4ed0d6be3c6125f4.compiler_builtins.2dbc1a3a-cgu.206.rcgu.o)
                                          0x8 (size before relaxing)
                0x00000000080014f0                __exidx_end = .

.rel.dyn        0x00000000080014f0        0x0
 .rel.iplt      0x00000000080014f0        0x0 /usr/local/Cellar/arm-none-eabi-gcc/10.3-2021.07/gcc/bin/../lib/gcc/arm-none-eabi/10.3.1/thumb/v7e-m+fp/hard/crtbegin.o

.preinit_array  0x00000000080014f0        0x0
                0x00000000080014f0                PROVIDE (__preinit_array_start = .)
 *(.preinit_array*)
                0x00000000080014f0                PROVIDE (__preinit_array_end = .)

.init_array     0x00000000080014f0        0x4
                0x00000000080014f0                PROVIDE (__init_array_start = .)
 *(SORT_BY_NAME(.init_array.*))
 *(.init_array*)
 .init_array    0x00000000080014f0        0x4 /usr/local/Cellar/arm-none-eabi-gcc/10.3-2021.07/gcc/bin/../lib/gcc/arm-none-eabi/10.3.1/thumb/v7e-m+fp/hard/crtbegin.o
                0x00000000080014f4                PROVIDE (__init_array_end = .)

.fini_array     0x00000000080014f4        0x4
                [!provide]                        PROVIDE (__fini_array_start = .)
 *(SORT_BY_NAME(.fini_array.*))
 *(.fini_array*)
 .fini_array    0x00000000080014f4        0x4 /usr/local/Cellar/arm-none-eabi-gcc/10.3-2021.07/gcc/bin/../lib/gcc/arm-none-eabi/10.3.1/thumb/v7e-m+fp/hard/crtbegin.o
                [!provide]                        PROVIDE (__fini_array_end = .)
                0x00000000080014f8                _sidata = LOADADDR (.data)

.data           0x0000000020000000        0xc load address 0x00000000080014f8
                0x0000000020000000                . = ALIGN (0x4)
                0x0000000020000000                _sdata = .
 *(.data)
 *(.data*)
 .data.uwTickFreq
                0x0000000020000000        0x1 build/stm32f4xx_hal.o
                0x0000000020000000                uwTickFreq
 *fill*         0x0000000020000001        0x3 
 .data.uwTickPrio
                0x0000000020000004        0x4 build/stm32f4xx_hal.o
                0x0000000020000004                uwTickPrio
 .data.SystemCoreClock
                0x0000000020000008        0x4 build/system_stm32f4xx.o
                0x0000000020000008                SystemCoreClock
                0x000000002000000c                . = ALIGN (0x4)
                0x000000002000000c                _edata = .

.igot.plt       0x000000002000000c        0x0 load address 0x0000000008001504
 .igot.plt      0x000000002000000c        0x0 /usr/local/Cellar/arm-none-eabi-gcc/10.3-2021.07/gcc/bin/../lib/gcc/arm-none-eabi/10.3.1/thumb/v7e-m+fp/hard/crtbegin.o
                0x000000002000000c                . = ALIGN (0x4)

.bss            0x000000002000000c       0x64 load address 0x0000000008001504
                0x000000002000000c                _sbss = .
                0x000000002000000c                __bss_start__ = _sbss
 *(.bss)
 .bss           0x000000002000000c       0x1c /usr/local/Cellar/arm-none-eabi-gcc/10.3-2021.07/gcc/bin/../lib/gcc/arm-none-eabi/10.3.1/thumb/v7e-m+fp/hard/crtbegin.o
 *(.bss*)
 .bss.huart2    0x0000000020000028       0x44 build/usart.o
                0x0000000020000028                huart2
 .bss.uwTick    0x000000002000006c        0x4 build/stm32f4xx_hal.o
                0x000000002000006c                uwTick
 *(COMMON)
                0x0000000020000070                . = ALIGN (0x4)
                0x0000000020000070                _ebss = .
                0x0000000020000070                __bss_end__ = _ebss

._user_heap_stack
                0x0000000020000070      0x600 load address 0x0000000008001504
                0x0000000020000070                . = ALIGN (0x8)
                [!provide]                        PROVIDE (end = .)
                [!provide]                        PROVIDE (_end = .)
                0x0000000020000270                . = (. + _Min_Heap_Size)
 *fill*         0x0000000020000070      0x200 
                0x0000000020000670                . = (. + _Min_Stack_Size)
 *fill*         0x0000000020000270      0x400 
                0x0000000020000670                . = ALIGN (0x8)

/DISCARD/
 libc.a(*)
 libm.a(*)
 libgcc.a(*)

.ARM.attributes
                0x0000000000000000       0x36
 *(.ARM.attributes)
 .ARM.attributes
                0x0000000000000000       0x1e /usr/local/Cellar/arm-none-eabi-gcc/10.3-2021.07/gcc/bin/../lib/gcc/arm-none-eabi/10.3.1/thumb/v7e-m+fp/hard/crti.o
 .ARM.attributes
                0x000000000000001e       0x34 /usr/local/Cellar/arm-none-eabi-gcc/10.3-2021.07/gcc/bin/../lib/gcc/arm-none-eabi/10.3.1/thumb/v7e-m+fp/hard/crtbegin.o
 .ARM.attributes
                0x0000000000000052       0x34 build/main.o
 .ARM.attributes
                0x0000000000000086       0x34 build/gpio.o
 .ARM.attributes
                0x00000000000000ba       0x34 build/usart.o
 .ARM.attributes
                0x00000000000000ee       0x34 build/stm32f4xx_it.o
 .ARM.attributes
                0x0000000000000122       0x34 build/stm32f4xx_hal_msp.o
 .ARM.attributes
                0x0000000000000156       0x34 build/stm32f4xx_hal_uart.o
 .ARM.attributes
                0x000000000000018a       0x34 build/stm32f4xx_hal_rcc.o
 .ARM.attributes
                0x00000000000001be       0x34 build/stm32f4xx_hal_gpio.o
 .ARM.attributes
                0x00000000000001f2       0x34 build/stm32f4xx_hal_cortex.o
 .ARM.attributes
                0x0000000000000226       0x34 build/stm32f4xx_hal.o
 .ARM.attributes
                0x000000000000025a       0x34 build/system_stm32f4xx.o
 .ARM.attributes
                0x000000000000028e       0x21 build/startup_stm32f401xe.o
 .ARM.attributes
                0x00000000000002af       0x34 /usr/local/Cellar/arm-none-eabi-gcc/10.3-2021.07/gcc/bin/../lib/gcc/arm-none-eabi/10.3.1/../../../../arm-none-eabi/lib/thumb/v7e-m+fp/hard/libc_nano.a(lib_a-init.o)
 .ARM.attributes
                0x00000000000002e3       0x34 /usr/local/Cellar/arm-none-eabi-gcc/10.3-2021.07/gcc/bin/../lib/gcc/arm-none-eabi/10.3.1/../../../../arm-none-eabi/lib/thumb/v7e-m+fp/hard/libc_nano.a(lib_a-memset.o)
 .ARM.attributes
                0x0000000000000317       0x3a build/libtoggle.a(toggle-43b1c97b68e4c650.510zphdjsbjelpix.rcgu.o)
 .ARM.attributes
                0x0000000000000351       0x3a build/libtoggle.a(cortex_m-eb308dfda27aded6.cortex_m.58926f75-cgu.0.rcgu.o)
 .ARM.attributes
                0x000000000000038b       0x3a build/libtoggle.a(compiler_builtins-4ed0d6be3c6125f4.compiler_builtins.2dbc1a3a-cgu.170.rcgu.o)
 .ARM.attributes
                0x00000000000003c5       0x3a build/libtoggle.a(compiler_builtins-4ed0d6be3c6125f4.compiler_builtins.2dbc1a3a-cgu.208.rcgu.o)
 .ARM.attributes
                0x00000000000003ff       0x3a build/libtoggle.a(toggle-43b1c97b68e4c650.2xyew2l1wk9mybql.rcgu.o)
 .ARM.attributes
                0x0000000000000439       0x3a build/libtoggle.a(toggle-43b1c97b68e4c650.3btwzem5pw76eeaz.rcgu.o)
 .ARM.attributes
                0x0000000000000473       0x3a build/libtoggle.a(compiler_builtins-4ed0d6be3c6125f4.compiler_builtins.2dbc1a3a-cgu.206.rcgu.o)
 .ARM.attributes
                0x00000000000004ad       0x1e /usr/local/Cellar/arm-none-eabi-gcc/10.3-2021.07/gcc/bin/../lib/gcc/arm-none-eabi/10.3.1/thumb/v7e-m+fp/hard/crtn.o
OUTPUT(build/ffi_c_project.elf elf32-littlearm)
LOAD linker stubs
LOAD /usr/local/Cellar/arm-none-eabi-gcc/10.3-2021.07/gcc/bin/../lib/gcc/arm-none-eabi/10.3.1/../../../../arm-none-eabi/lib/thumb/v7e-m+fp/hard/libc.a
LOAD /usr/local/Cellar/arm-none-eabi-gcc/10.3-2021.07/gcc/bin/../lib/gcc/arm-none-eabi/10.3.1/../../../../arm-none-eabi/lib/thumb/v7e-m+fp/hard/libm.a
LOAD /usr/local/Cellar/arm-none-eabi-gcc/10.3-2021.07/gcc/bin/../lib/gcc/arm-none-eabi/10.3.1/thumb/v7e-m+fp/hard/libgcc.a

.debug_info     0x0000000000000000     0xa9b4
 .debug_info    0x0000000000000000      0x69b build/main.o
 .debug_info    0x000000000000069b      0x52e build/gpio.o
 .debug_info    0x0000000000000bc9      0xae8 build/usart.o
 .debug_info    0x00000000000016b1      0x15a build/stm32f4xx_it.o
 .debug_info    0x000000000000180b      0x343 build/stm32f4xx_hal_msp.o
 .debug_info    0x0000000000001b4e     0x43df build/stm32f4xx_hal_uart.o
 .debug_info    0x0000000000005f2d      0xc12 build/stm32f4xx_hal_rcc.o
 .debug_info    0x0000000000006b3f      0x872 build/stm32f4xx_hal_gpio.o
 .debug_info    0x00000000000073b1     0x10de build/stm32f4xx_hal_cortex.o
 .debug_info    0x000000000000848f      0xa5f build/stm32f4xx_hal.o
 .debug_info    0x0000000000008eee      0x5e5 build/system_stm32f4xx.o
 .debug_info    0x00000000000094d3       0x22 build/startup_stm32f401xe.o
 .debug_info    0x00000000000094f5      0x5fc build/libtoggle.a(toggle-43b1c97b68e4c650.510zphdjsbjelpix.rcgu.o)
 .debug_info    0x0000000000009af1      0x619 build/libtoggle.a(cortex_m-eb308dfda27aded6.cortex_m.58926f75-cgu.0.rcgu.o)
 .debug_info    0x000000000000a10a       0x4b build/libtoggle.a(compiler_builtins-4ed0d6be3c6125f4.compiler_builtins.2dbc1a3a-cgu.170.rcgu.o)
 .debug_info    0x000000000000a155       0x70 build/libtoggle.a(compiler_builtins-4ed0d6be3c6125f4.compiler_builtins.2dbc1a3a-cgu.208.rcgu.o)
 .debug_info    0x000000000000a1c5      0x3e7 build/libtoggle.a(toggle-43b1c97b68e4c650.2xyew2l1wk9mybql.rcgu.o)
 .debug_info    0x000000000000a5ac       0x75 build/libtoggle.a(toggle-43b1c97b68e4c650.3btwzem5pw76eeaz.rcgu.o)
 .debug_info    0x000000000000a621      0x393 build/libtoggle.a(compiler_builtins-4ed0d6be3c6125f4.compiler_builtins.2dbc1a3a-cgu.206.rcgu.o)

.debug_abbrev   0x0000000000000000     0x19fc
 .debug_abbrev  0x0000000000000000      0x1ec build/main.o
 .debug_abbrev  0x00000000000001ec      0x151 build/gpio.o
 .debug_abbrev  0x000000000000033d      0x1de build/usart.o
 .debug_abbrev  0x000000000000051b       0x81 build/stm32f4xx_it.o
 .debug_abbrev  0x000000000000059c       0xf7 build/stm32f4xx_hal_msp.o
 .debug_abbrev  0x0000000000000693      0x367 build/stm32f4xx_hal_uart.o
 .debug_abbrev  0x00000000000009fa      0x2aa build/stm32f4xx_hal_rcc.o
 .debug_abbrev  0x0000000000000ca4      0x22b build/stm32f4xx_hal_gpio.o
 .debug_abbrev  0x0000000000000ecf      0x382 build/stm32f4xx_hal_cortex.o
 .debug_abbrev  0x0000000000001251      0x23a build/stm32f4xx_hal.o
 .debug_abbrev  0x000000000000148b      0x11b build/system_stm32f4xx.o
 .debug_abbrev  0x00000000000015a6       0x12 build/startup_stm32f401xe.o
 .debug_abbrev  0x00000000000015b8       0xf0 build/libtoggle.a(toggle-43b1c97b68e4c650.510zphdjsbjelpix.rcgu.o)
 .debug_abbrev  0x00000000000016a8       0xef build/libtoggle.a(cortex_m-eb308dfda27aded6.cortex_m.58926f75-cgu.0.rcgu.o)
 .debug_abbrev  0x0000000000001797       0x31 build/libtoggle.a(compiler_builtins-4ed0d6be3c6125f4.compiler_builtins.2dbc1a3a-cgu.170.rcgu.o)
 .debug_abbrev  0x00000000000017c8       0x53 build/libtoggle.a(compiler_builtins-4ed0d6be3c6125f4.compiler_builtins.2dbc1a3a-cgu.208.rcgu.o)
 .debug_abbrev  0x000000000000181b      0x114 build/libtoggle.a(toggle-43b1c97b68e4c650.2xyew2l1wk9mybql.rcgu.o)
 .debug_abbrev  0x000000000000192f       0x4d build/libtoggle.a(toggle-43b1c97b68e4c650.3btwzem5pw76eeaz.rcgu.o)
 .debug_abbrev  0x000000000000197c       0x80 build/libtoggle.a(compiler_builtins-4ed0d6be3c6125f4.compiler_builtins.2dbc1a3a-cgu.206.rcgu.o)

.debug_loc      0x0000000000000000     0x6996
 .debug_loc     0x0000000000000000       0x66 build/main.o
 .debug_loc     0x0000000000000066       0x38 build/gpio.o
 .debug_loc     0x000000000000009e      0x108 build/usart.o
 .debug_loc     0x00000000000001a6       0x20 build/stm32f4xx_it.o
 .debug_loc     0x00000000000001c6       0x38 build/stm32f4xx_hal_msp.o
 .debug_loc     0x00000000000001fe     0x4fef build/stm32f4xx_hal_uart.o
 .debug_loc     0x00000000000051ed      0x6e4 build/stm32f4xx_hal_rcc.o
 .debug_loc     0x00000000000058d1      0x5e8 build/stm32f4xx_hal_gpio.o
 .debug_loc     0x0000000000005eb9      0x7a4 build/stm32f4xx_hal_cortex.o
 .debug_loc     0x000000000000665d      0x1e1 build/stm32f4xx_hal.o
 .debug_loc     0x000000000000683e      0x158 build/system_stm32f4xx.o

.debug_aranges  0x0000000000000000      0x708
 .debug_aranges
                0x0000000000000000       0x30 build/main.o
 .debug_aranges
                0x0000000000000030       0x20 build/gpio.o
 .debug_aranges
                0x0000000000000050       0x30 build/usart.o
 .debug_aranges
                0x0000000000000080       0x60 build/stm32f4xx_it.o
 .debug_aranges
                0x00000000000000e0       0x20 build/stm32f4xx_hal_msp.o
 .debug_aranges
                0x0000000000000100      0x200 build/stm32f4xx_hal_uart.o
 .debug_aranges
                0x0000000000000300       0x88 build/stm32f4xx_hal_rcc.o
 .debug_aranges
                0x0000000000000388       0x58 build/stm32f4xx_hal_gpio.o
 .debug_aranges
                0x00000000000003e0       0xa8 build/stm32f4xx_hal_cortex.o
 .debug_aranges
                0x0000000000000488       0xf0 build/stm32f4xx_hal.o
 .debug_aranges
                0x0000000000000578       0x28 build/system_stm32f4xx.o
 .debug_aranges
                0x00000000000005a0       0x28 build/startup_stm32f401xe.o
 .debug_aranges
                0x00000000000005c8       0x20 build/libtoggle.a(toggle-43b1c97b68e4c650.510zphdjsbjelpix.rcgu.o)
 .debug_aranges
                0x00000000000005e8       0x78 build/libtoggle.a(cortex_m-eb308dfda27aded6.cortex_m.58926f75-cgu.0.rcgu.o)
 .debug_aranges
                0x0000000000000660       0x20 build/libtoggle.a(compiler_builtins-4ed0d6be3c6125f4.compiler_builtins.2dbc1a3a-cgu.170.rcgu.o)
 .debug_aranges
                0x0000000000000680       0x20 build/libtoggle.a(compiler_builtins-4ed0d6be3c6125f4.compiler_builtins.2dbc1a3a-cgu.208.rcgu.o)
 .debug_aranges
                0x00000000000006a0       0x20 build/libtoggle.a(toggle-43b1c97b68e4c650.2xyew2l1wk9mybql.rcgu.o)
 .debug_aranges
                0x00000000000006c0       0x20 build/libtoggle.a(toggle-43b1c97b68e4c650.3btwzem5pw76eeaz.rcgu.o)
 .debug_aranges
                0x00000000000006e0       0x28 build/libtoggle.a(compiler_builtins-4ed0d6be3c6125f4.compiler_builtins.2dbc1a3a-cgu.206.rcgu.o)

.debug_ranges   0x0000000000000000      0x718
 .debug_ranges  0x0000000000000000       0x20 build/main.o
 .debug_ranges  0x0000000000000020       0x10 build/gpio.o
 .debug_ranges  0x0000000000000030       0x20 build/usart.o
 .debug_ranges  0x0000000000000050       0x50 build/stm32f4xx_it.o
 .debug_ranges  0x00000000000000a0       0x10 build/stm32f4xx_hal_msp.o
 .debug_ranges  0x00000000000000b0      0x208 build/stm32f4xx_hal_uart.o
 .debug_ranges  0x00000000000002b8       0x90 build/stm32f4xx_hal_rcc.o
 .debug_ranges  0x0000000000000348       0x48 build/stm32f4xx_hal_gpio.o
 .debug_ranges  0x0000000000000390       0xf8 build/stm32f4xx_hal_cortex.o
 .debug_ranges  0x0000000000000488       0xe0 build/stm32f4xx_hal.o
 .debug_ranges  0x0000000000000568       0x18 build/system_stm32f4xx.o
 .debug_ranges  0x0000000000000580       0x20 build/startup_stm32f401xe.o
 .debug_ranges  0x00000000000005a0       0x68 build/libtoggle.a(cortex_m-eb308dfda27aded6.cortex_m.58926f75-cgu.0.rcgu.o)
 .debug_ranges  0x0000000000000608      0x110 build/libtoggle.a(compiler_builtins-4ed0d6be3c6125f4.compiler_builtins.2dbc1a3a-cgu.206.rcgu.o)

.debug_line     0x0000000000000000     0x7f85
 .debug_line    0x0000000000000000      0x32d build/main.o
 .debug_line    0x000000000000032d      0x1d9 build/gpio.o
 .debug_line    0x0000000000000506      0x2c2 build/usart.o
 .debug_line    0x00000000000007c8      0x177 build/stm32f4xx_it.o
 .debug_line    0x000000000000093f      0x19a build/stm32f4xx_hal_msp.o
 .debug_line    0x0000000000000ad9     0x45f2 build/stm32f4xx_hal_uart.o
 .debug_line    0x00000000000050cb      0xb14 build/stm32f4xx_hal_rcc.o
 .debug_line    0x0000000000005bdf      0x6c7 build/stm32f4xx_hal_gpio.o
 .debug_line    0x00000000000062a6      0x77c build/stm32f4xx_hal_cortex.o
 .debug_line    0x0000000000006a22      0x569 build/stm32f4xx_hal.o
 .debug_line    0x0000000000006f8b      0x254 build/system_stm32f4xx.o
 .debug_line    0x00000000000071df       0x76 build/startup_stm32f401xe.o
 .debug_line    0x0000000000007255      0x1c3 build/libtoggle.a(toggle-43b1c97b68e4c650.510zphdjsbjelpix.rcgu.o)
 .debug_line    0x0000000000007418      0x265 build/libtoggle.a(cortex_m-eb308dfda27aded6.cortex_m.58926f75-cgu.0.rcgu.o)
 .debug_line    0x000000000000767d       0x9b build/libtoggle.a(compiler_builtins-4ed0d6be3c6125f4.compiler_builtins.2dbc1a3a-cgu.170.rcgu.o)
 .debug_line    0x0000000000007718       0xfb build/libtoggle.a(compiler_builtins-4ed0d6be3c6125f4.compiler_builtins.2dbc1a3a-cgu.208.rcgu.o)
 .debug_line    0x0000000000007813      0x180 build/libtoggle.a(toggle-43b1c97b68e4c650.2xyew2l1wk9mybql.rcgu.o)
 .debug_line    0x0000000000007993       0x84 build/libtoggle.a(toggle-43b1c97b68e4c650.3btwzem5pw76eeaz.rcgu.o)
 .debug_line    0x0000000000007a17      0x56e build/libtoggle.a(compiler_builtins-4ed0d6be3c6125f4.compiler_builtins.2dbc1a3a-cgu.206.rcgu.o)

.debug_str      0x0000000000000000     0x3c29
 .debug_str     0x0000000000000000      0x496 build/main.o
                                        0x4fa (size before relaxing)
 .debug_str     0x0000000000000496       0xbf build/gpio.o
                                        0x3af (size before relaxing)
 .debug_str     0x0000000000000555      0x448 build/usart.o
                                        0x83f (size before relaxing)
 .debug_str     0x000000000000099d       0xb4 build/stm32f4xx_it.o
                                        0x260 (size before relaxing)
 .debug_str     0x0000000000000a51       0x46 build/stm32f4xx_hal_msp.o
                                        0x31b (size before relaxing)
 .debug_str     0x0000000000000a97      0x6cb build/stm32f4xx_hal_uart.o
                                        0xd8a (size before relaxing)
 .debug_str     0x0000000000001162      0x1d7 build/stm32f4xx_hal_rcc.o
                                        0x749 (size before relaxing)
 .debug_str     0x0000000000001339      0x125 build/stm32f4xx_hal_gpio.o
                                        0x523 (size before relaxing)
 .debug_str     0x000000000000145e      0x880 build/stm32f4xx_hal_cortex.o
                                        0xafb (size before relaxing)
 .debug_str     0x0000000000001cde      0x295 build/stm32f4xx_hal.o
                                        0xa3b (size before relaxing)
 .debug_str     0x0000000000001f73       0x47 build/system_stm32f4xx.o
                                        0x3b8 (size before relaxing)
 .debug_str     0x0000000000001fba       0x24 build/startup_stm32f401xe.o
                                         0x9b (size before relaxing)
 .debug_str     0x0000000000001fde      0x925 build/libtoggle.a(toggle-43b1c97b68e4c650.510zphdjsbjelpix.rcgu.o)
                                        0x9ce (size before relaxing)
 .debug_str     0x0000000000002903      0x652 build/libtoggle.a(cortex_m-eb308dfda27aded6.cortex_m.58926f75-cgu.0.rcgu.o)
                                        0x6bd (size before relaxing)
 .debug_str     0x0000000000002f55       0xd8 build/libtoggle.a(compiler_builtins-4ed0d6be3c6125f4.compiler_builtins.2dbc1a3a-cgu.170.rcgu.o)
                                        0x122 (size before relaxing)
 .debug_str     0x000000000000302d       0xcd build/libtoggle.a(compiler_builtins-4ed0d6be3c6125f4.compiler_builtins.2dbc1a3a-cgu.208.rcgu.o)
                                        0x165 (size before relaxing)
 .debug_str     0x00000000000030fa      0x59f build/libtoggle.a(toggle-43b1c97b68e4c650.2xyew2l1wk9mybql.rcgu.o)
                                        0x79f (size before relaxing)
 .debug_str     0x0000000000003699       0xab build/libtoggle.a(toggle-43b1c97b68e4c650.3btwzem5pw76eeaz.rcgu.o)
                                        0x171 (size before relaxing)
 .debug_str     0x0000000000003744      0x4e5 build/libtoggle.a(compiler_builtins-4ed0d6be3c6125f4.compiler_builtins.2dbc1a3a-cgu.206.rcgu.o)
                                        0x592 (size before relaxing)

.comment        0x0000000000000000       0x49
 .comment       0x0000000000000000       0x49 build/main.o
                                         0x4a (size before relaxing)
 .comment       0x0000000000000049       0x4a build/gpio.o
 .comment       0x0000000000000049       0x4a build/usart.o
 .comment       0x0000000000000049       0x4a build/stm32f4xx_it.o
 .comment       0x0000000000000049       0x4a build/stm32f4xx_hal_msp.o
 .comment       0x0000000000000049       0x4a build/stm32f4xx_hal_uart.o
 .comment       0x0000000000000049       0x4a build/stm32f4xx_hal_rcc.o
 .comment       0x0000000000000049       0x4a build/stm32f4xx_hal_gpio.o
 .comment       0x0000000000000049       0x4a build/stm32f4xx_hal_cortex.o
 .comment       0x0000000000000049       0x4a build/stm32f4xx_hal.o
 .comment       0x0000000000000049       0x4a build/system_stm32f4xx.o

.note.GNU-stack
                0x0000000000000000        0x0
 .note.GNU-stack
                0x0000000000000000        0x0 build/libtoggle.a(toggle-43b1c97b68e4c650.510zphdjsbjelpix.rcgu.o)
 .note.GNU-stack
                0x0000000000000000        0x0 build/libtoggle.a(cortex_m-eb308dfda27aded6.cortex_m.58926f75-cgu.0.rcgu.o)
 .note.GNU-stack
                0x0000000000000000        0x0 build/libtoggle.a(compiler_builtins-4ed0d6be3c6125f4.compiler_builtins.2dbc1a3a-cgu.170.rcgu.o)
 .note.GNU-stack
                0x0000000000000000        0x0 build/libtoggle.a(compiler_builtins-4ed0d6be3c6125f4.compiler_builtins.2dbc1a3a-cgu.208.rcgu.o)
 .note.GNU-stack
                0x0000000000000000        0x0 build/libtoggle.a(toggle-43b1c97b68e4c650.2xyew2l1wk9mybql.rcgu.o)
 .note.GNU-stack
                0x0000000000000000        0x0 build/libtoggle.a(toggle-43b1c97b68e4c650.3btwzem5pw76eeaz.rcgu.o)
 .note.GNU-stack
                0x0000000000000000        0x0 build/libtoggle.a(compiler_builtins-4ed0d6be3c6125f4.compiler_builtins.2dbc1a3a-cgu.206.rcgu.o)

.debug_frame    0x0000000000000000      0xfd4
 .debug_frame   0x0000000000000000       0x58 build/main.o
 .debug_frame   0x0000000000000058       0x30 build/gpio.o
 .debug_frame   0x0000000000000088       0x60 build/usart.o
 .debug_frame   0x00000000000000e8       0xa8 build/stm32f4xx_it.o
 .debug_frame   0x0000000000000190       0x2c build/stm32f4xx_hal_msp.o
 .debug_frame   0x00000000000001bc      0x5cc build/stm32f4xx_hal_uart.o
 .debug_frame   0x0000000000000788      0x16c build/stm32f4xx_hal_rcc.o
 .debug_frame   0x00000000000008f4       0xd8 build/stm32f4xx_hal_gpio.o
 .debug_frame   0x00000000000009cc      0x148 build/stm32f4xx_hal_cortex.o
 .debug_frame   0x0000000000000b14      0x1ec build/stm32f4xx_hal.o
 .debug_frame   0x0000000000000d00       0x30 build/system_stm32f4xx.o
 .debug_frame   0x0000000000000d30       0x2c /usr/local/Cellar/arm-none-eabi-gcc/10.3-2021.07/gcc/bin/../lib/gcc/arm-none-eabi/10.3.1/../../../../arm-none-eabi/lib/thumb/v7e-m+fp/hard/libc_nano.a(lib_a-init.o)
 .debug_frame   0x0000000000000d5c       0x20 /usr/local/Cellar/arm-none-eabi-gcc/10.3-2021.07/gcc/bin/../lib/gcc/arm-none-eabi/10.3.1/../../../../arm-none-eabi/lib/thumb/v7e-m+fp/hard/libc_nano.a(lib_a-memset.o)
 .debug_frame   0x0000000000000d7c       0x30 build/libtoggle.a(toggle-43b1c97b68e4c650.510zphdjsbjelpix.rcgu.o)
 .debug_frame   0x0000000000000dac      0x114 build/libtoggle.a(cortex_m-eb308dfda27aded6.cortex_m.58926f75-cgu.0.rcgu.o)
 .debug_frame   0x0000000000000ec0       0x24 build/libtoggle.a(compiler_builtins-4ed0d6be3c6125f4.compiler_builtins.2dbc1a3a-cgu.170.rcgu.o)
 .debug_frame   0x0000000000000ee4       0x30 build/libtoggle.a(compiler_builtins-4ed0d6be3c6125f4.compiler_builtins.2dbc1a3a-cgu.208.rcgu.o)
 .debug_frame   0x0000000000000f14       0x30 build/libtoggle.a(toggle-43b1c97b68e4c650.2xyew2l1wk9mybql.rcgu.o)
 .debug_frame   0x0000000000000f44       0x28 build/libtoggle.a(toggle-43b1c97b68e4c650.3btwzem5pw76eeaz.rcgu.o)
 .debug_frame   0x0000000000000f6c       0x68 build/libtoggle.a(compiler_builtins-4ed0d6be3c6125f4.compiler_builtins.2dbc1a3a-cgu.206.rcgu.o)

.debug_pubnames
                0x0000000000000000      0x6e2
 .debug_pubnames
                0x0000000000000000      0x177 build/libtoggle.a(toggle-43b1c97b68e4c650.510zphdjsbjelpix.rcgu.o)
 .debug_pubnames
                0x0000000000000177      0x183 build/libtoggle.a(cortex_m-eb308dfda27aded6.cortex_m.58926f75-cgu.0.rcgu.o)
 .debug_pubnames
                0x00000000000002fa       0x45 build/libtoggle.a(compiler_builtins-4ed0d6be3c6125f4.compiler_builtins.2dbc1a3a-cgu.170.rcgu.o)
 .debug_pubnames
                0x000000000000033f       0x4a build/libtoggle.a(compiler_builtins-4ed0d6be3c6125f4.compiler_builtins.2dbc1a3a-cgu.208.rcgu.o)
 .debug_pubnames
                0x0000000000000389      0x1d8 build/libtoggle.a(toggle-43b1c97b68e4c650.2xyew2l1wk9mybql.rcgu.o)
 .debug_pubnames
                0x0000000000000561       0x46 build/libtoggle.a(toggle-43b1c97b68e4c650.3btwzem5pw76eeaz.rcgu.o)
 .debug_pubnames
                0x00000000000005a7      0x13b build/libtoggle.a(compiler_builtins-4ed0d6be3c6125f4.compiler_builtins.2dbc1a3a-cgu.206.rcgu.o)

.debug_pubtypes
                0x0000000000000000      0xbcc
 .debug_pubtypes
                0x0000000000000000      0x65d build/libtoggle.a(toggle-43b1c97b68e4c650.510zphdjsbjelpix.rcgu.o)
 .debug_pubtypes
                0x000000000000065d      0x1a1 build/libtoggle.a(cortex_m-eb308dfda27aded6.cortex_m.58926f75-cgu.0.rcgu.o)
 .debug_pubtypes
                0x00000000000007fe       0x12 build/libtoggle.a(compiler_builtins-4ed0d6be3c6125f4.compiler_builtins.2dbc1a3a-cgu.170.rcgu.o)
 .debug_pubtypes
                0x0000000000000810       0x12 build/libtoggle.a(compiler_builtins-4ed0d6be3c6125f4.compiler_builtins.2dbc1a3a-cgu.208.rcgu.o)
 .debug_pubtypes
                0x0000000000000822      0x375 build/libtoggle.a(toggle-43b1c97b68e4c650.2xyew2l1wk9mybql.rcgu.o)
 .debug_pubtypes
                0x0000000000000b97       0x23 build/libtoggle.a(toggle-43b1c97b68e4c650.3btwzem5pw76eeaz.rcgu.o)
 .debug_pubtypes
                0x0000000000000bba       0x12 build/libtoggle.a(compiler_builtins-4ed0d6be3c6125f4.compiler_builtins.2dbc1a3a-cgu.206.rcgu.o)

Cross Reference Table

Symbol                                            File
<! as core::fmt::Debug>::fmt                      build/libtoggle.a(core-d8d9ed5c32c45353.core.b1eca9fd-cgu.0.rcgu.o)
<! as core::fmt::Display>::fmt                    build/libtoggle.a(core-d8d9ed5c32c45353.core.b1eca9fd-cgu.0.rcgu.o)
<() as core::iter::traits::collect::Extend<()>>::extend_one build/libtoggle.a(core-d8d9ed5c32c45353.core.b1eca9fd-cgu.0.rcgu.o)
<*const T as core::fmt::Pointer>::fmt::inner      build/libtoggle.a(core-d8d9ed5c32c45353.core.b1eca9fd-cgu.0.rcgu.o)
<<core::cell::RefCell<T> as core::fmt::Debug>::fmt::BorrowedPlaceholder as core::fmt::Debug>::fmt build/libtoggle.a(core-d8d9ed5c32c45353.core.b1eca9fd-cgu.0.rcgu.o)
<bool as core::fmt::Display>::fmt                 build/libtoggle.a(core-d8d9ed5c32c45353.core.b1eca9fd-cgu.0.rcgu.o)
<char as core::fmt::Debug>::fmt                   build/libtoggle.a(core-d8d9ed5c32c45353.core.b1eca9fd-cgu.0.rcgu.o)
<char as core::fmt::Display>::fmt                 build/libtoggle.a(core-d8d9ed5c32c45353.core.b1eca9fd-cgu.0.rcgu.o)
<core::alloc::AllocError as core::fmt::Debug>::fmt build/libtoggle.a(core-d8d9ed5c32c45353.core.b1eca9fd-cgu.0.rcgu.o)
<core::alloc::AllocError as core::fmt::Display>::fmt build/libtoggle.a(core-d8d9ed5c32c45353.core.b1eca9fd-cgu.0.rcgu.o)
<core::alloc::layout::Layout as core::fmt::Debug>::fmt build/libtoggle.a(core-d8d9ed5c32c45353.core.b1eca9fd-cgu.0.rcgu.o)
<core::alloc::layout::LayoutError as core::fmt::Debug>::fmt build/libtoggle.a(core-d8d9ed5c32c45353.core.b1eca9fd-cgu.0.rcgu.o)
<core::alloc::layout::LayoutError as core::fmt::Display>::fmt build/libtoggle.a(core-d8d9ed5c32c45353.core.b1eca9fd-cgu.0.rcgu.o)
<core::any::TypeId as core::fmt::Debug>::fmt      build/libtoggle.a(core-d8d9ed5c32c45353.core.b1eca9fd-cgu.0.rcgu.o)
<core::array::TryFromSliceError as core::convert::From<core::convert::Infallible>>::from build/libtoggle.a(core-d8d9ed5c32c45353.core.b1eca9fd-cgu.0.rcgu.o)
<core::array::TryFromSliceError as core::fmt::Debug>::fmt build/libtoggle.a(core-d8d9ed5c32c45353.core.b1eca9fd-cgu.0.rcgu.o)
<core::ascii::EscapeDefault as core::fmt::Debug>::fmt build/libtoggle.a(core-d8d9ed5c32c45353.core.b1eca9fd-cgu.0.rcgu.o)
<core::ascii::EscapeDefault as core::fmt::Display>::fmt build/libtoggle.a(core-d8d9ed5c32c45353.core.b1eca9fd-cgu.0.rcgu.o)
<core::ascii::EscapeDefault as core::iter::traits::double_ended::DoubleEndedIterator>::next_back build/libtoggle.a(core-d8d9ed5c32c45353.core.b1eca9fd-cgu.0.rcgu.o)
<core::ascii::EscapeDefault as core::iter::traits::iterator::Iterator>::last build/libtoggle.a(core-d8d9ed5c32c45353.core.b1eca9fd-cgu.0.rcgu.o)
<core::ascii::EscapeDefault as core::iter::traits::iterator::Iterator>::next build/libtoggle.a(core-d8d9ed5c32c45353.core.b1eca9fd-cgu.0.rcgu.o)
<core::ascii::EscapeDefault as core::iter::traits::iterator::Iterator>::size_hint build/libtoggle.a(core-d8d9ed5c32c45353.core.b1eca9fd-cgu.0.rcgu.o)
<core::cell::BorrowError as core::fmt::Debug>::fmt build/libtoggle.a(core-d8d9ed5c32c45353.core.b1eca9fd-cgu.0.rcgu.o)
<core::cell::BorrowError as core::fmt::Display>::fmt build/libtoggle.a(core-d8d9ed5c32c45353.core.b1eca9fd-cgu.0.rcgu.o)
<core::cell::BorrowMutError as core::fmt::Debug>::fmt build/libtoggle.a(core-d8d9ed5c32c45353.core.b1eca9fd-cgu.0.rcgu.o)
<core::cell::BorrowMutError as core::fmt::Display>::fmt build/libtoggle.a(core-d8d9ed5c32c45353.core.b1eca9fd-cgu.0.rcgu.o)
<core::char::CaseMappingIter as core::fmt::Debug>::fmt build/libtoggle.a(core-d8d9ed5c32c45353.core.b1eca9fd-cgu.0.rcgu.o)
<core::char::CaseMappingIter as core::fmt::Display>::fmt build/libtoggle.a(core-d8d9ed5c32c45353.core.b1eca9fd-cgu.0.rcgu.o)
<core::char::CaseMappingIter as core::iter::traits::double_ended::DoubleEndedIterator>::next_back build/libtoggle.a(core-d8d9ed5c32c45353.core.b1eca9fd-cgu.0.rcgu.o)
<core::char::CaseMappingIter as core::iter::traits::iterator::Iterator>::next build/libtoggle.a(core-d8d9ed5c32c45353.core.b1eca9fd-cgu.0.rcgu.o)
<core::char::CaseMappingIter as core::iter::traits::iterator::Iterator>::size_hint build/libtoggle.a(core-d8d9ed5c32c45353.core.b1eca9fd-cgu.0.rcgu.o)
<core::char::EscapeDebug as core::fmt::Debug>::fmt build/libtoggle.a(core-d8d9ed5c32c45353.core.b1eca9fd-cgu.0.rcgu.o)
<core::char::EscapeDebug as core::fmt::Display>::fmt build/libtoggle.a(core-d8d9ed5c32c45353.core.b1eca9fd-cgu.0.rcgu.o)
<core::char::EscapeDebug as core::iter::traits::iterator::Iterator>::next build/libtoggle.a(core-d8d9ed5c32c45353.core.b1eca9fd-cgu.0.rcgu.o)
<core::char::EscapeDebug as core::iter::traits::iterator::Iterator>::size_hint build/libtoggle.a(core-d8d9ed5c32c45353.core.b1eca9fd-cgu.0.rcgu.o)
<core::char::EscapeDefault as core::fmt::Debug>::fmt build/libtoggle.a(core-d8d9ed5c32c45353.core.b1eca9fd-cgu.0.rcgu.o)
<core::char::EscapeDefault as core::fmt::Display>::fmt build/libtoggle.a(core-d8d9ed5c32c45353.core.b1eca9fd-cgu.0.rcgu.o)
<core::char::EscapeDefault as core::iter::traits::exact_size::ExactSizeIterator>::len build/libtoggle.a(core-d8d9ed5c32c45353.core.b1eca9fd-cgu.0.rcgu.o)
<core::char::EscapeDefault as core::iter::traits::iterator::Iterator>::last build/libtoggle.a(core-d8d9ed5c32c45353.core.b1eca9fd-cgu.0.rcgu.o)
<core::char::EscapeDefault as core::iter::traits::iterator::Iterator>::next build/libtoggle.a(core-d8d9ed5c32c45353.core.b1eca9fd-cgu.0.rcgu.o)
<core::char::EscapeDefault as core::iter::traits::iterator::Iterator>::nth build/libtoggle.a(core-d8d9ed5c32c45353.core.b1eca9fd-cgu.0.rcgu.o)
<core::char::EscapeDefaultState as core::fmt::Debug>::fmt build/libtoggle.a(core-d8d9ed5c32c45353.core.b1eca9fd-cgu.0.rcgu.o)
<core::char::EscapeUnicode as core::fmt::Debug>::fmt build/libtoggle.a(core-d8d9ed5c32c45353.core.b1eca9fd-cgu.0.rcgu.o)
<core::char::EscapeUnicode as core::fmt::Display>::fmt build/libtoggle.a(core-d8d9ed5c32c45353.core.b1eca9fd-cgu.0.rcgu.o)
<core::char::EscapeUnicode as core::iter::traits::iterator::Iterator>::last build/libtoggle.a(core-d8d9ed5c32c45353.core.b1eca9fd-cgu.0.rcgu.o)
<core::char::EscapeUnicode as core::iter::traits::iterator::Iterator>::next build/libtoggle.a(core-d8d9ed5c32c45353.core.b1eca9fd-cgu.0.rcgu.o)
<core::char::EscapeUnicodeState as core::fmt::Debug>::fmt build/libtoggle.a(core-d8d9ed5c32c45353.core.b1eca9fd-cgu.0.rcgu.o)
<core::char::ToLowercase as core::fmt::Debug>::fmt build/libtoggle.a(core-d8d9ed5c32c45353.core.b1eca9fd-cgu.0.rcgu.o)
<core::char::ToLowercase as core::fmt::Display>::fmt build/libtoggle.a(core-d8d9ed5c32c45353.core.b1eca9fd-cgu.0.rcgu.o)
<core::char::ToLowercase as core::iter::traits::double_ended::DoubleEndedIterator>::next_back build/libtoggle.a(core-d8d9ed5c32c45353.core.b1eca9fd-cgu.0.rcgu.o)
<core::char::ToLowercase as core::iter::traits::iterator::Iterator>::next build/libtoggle.a(core-d8d9ed5c32c45353.core.b1eca9fd-cgu.0.rcgu.o)
<core::char::ToLowercase as core::iter::traits::iterator::Iterator>::size_hint build/libtoggle.a(core-d8d9ed5c32c45353.core.b1eca9fd-cgu.0.rcgu.o)
<core::char::ToUppercase as core::fmt::Debug>::fmt build/libtoggle.a(core-d8d9ed5c32c45353.core.b1eca9fd-cgu.0.rcgu.o)
<core::char::ToUppercase as core::fmt::Display>::fmt build/libtoggle.a(core-d8d9ed5c32c45353.core.b1eca9fd-cgu.0.rcgu.o)
<core::char::ToUppercase as core::iter::traits::double_ended::DoubleEndedIterator>::next_back build/libtoggle.a(core-d8d9ed5c32c45353.core.b1eca9fd-cgu.0.rcgu.o)
<core::char::ToUppercase as core::iter::traits::iterator::Iterator>::next build/libtoggle.a(core-d8d9ed5c32c45353.core.b1eca9fd-cgu.0.rcgu.o)
<core::char::ToUppercase as core::iter::traits::iterator::Iterator>::size_hint build/libtoggle.a(core-d8d9ed5c32c45353.core.b1eca9fd-cgu.0.rcgu.o)
<core::char::TryFromCharError as core::fmt::Debug>::fmt build/libtoggle.a(core-d8d9ed5c32c45353.core.b1eca9fd-cgu.0.rcgu.o)
<core::char::TryFromCharError as core::fmt::Display>::fmt build/libtoggle.a(core-d8d9ed5c32c45353.core.b1eca9fd-cgu.0.rcgu.o)
<core::char::convert::CharErrorKind as core::fmt::Debug>::fmt build/libtoggle.a(core-d8d9ed5c32c45353.core.b1eca9fd-cgu.0.rcgu.o)
<core::char::convert::CharTryFromError as core::fmt::Debug>::fmt build/libtoggle.a(core-d8d9ed5c32c45353.core.b1eca9fd-cgu.0.rcgu.o)
<core::char::convert::CharTryFromError as core::fmt::Display>::fmt build/libtoggle.a(core-d8d9ed5c32c45353.core.b1eca9fd-cgu.0.rcgu.o)
<core::char::convert::ParseCharError as core::fmt::Debug>::fmt build/libtoggle.a(core-d8d9ed5c32c45353.core.b1eca9fd-cgu.0.rcgu.o)
<core::char::convert::ParseCharError as core::fmt::Display>::fmt build/libtoggle.a(core-d8d9ed5c32c45353.core.b1eca9fd-cgu.0.rcgu.o)
<core::char::decode::DecodeUtf16Error as core::fmt::Debug>::fmt build/libtoggle.a(core-d8d9ed5c32c45353.core.b1eca9fd-cgu.0.rcgu.o)
<core::char::decode::DecodeUtf16Error as core::fmt::Display>::fmt build/libtoggle.a(core-d8d9ed5c32c45353.core.b1eca9fd-cgu.0.rcgu.o)
<core::cmp::Ordering as core::fmt::Debug>::fmt    build/libtoggle.a(core-d8d9ed5c32c45353.core.b1eca9fd-cgu.0.rcgu.o)
<core::convert::Infallible as core::clone::Clone>::clone build/libtoggle.a(core-d8d9ed5c32c45353.core.b1eca9fd-cgu.0.rcgu.o)
<core::convert::Infallible as core::cmp::Ord>::cmp build/libtoggle.a(core-d8d9ed5c32c45353.core.b1eca9fd-cgu.0.rcgu.o)
<core::convert::Infallible as core::cmp::PartialEq>::eq build/libtoggle.a(core-d8d9ed5c32c45353.core.b1eca9fd-cgu.0.rcgu.o)
<core::convert::Infallible as core::cmp::PartialOrd>::partial_cmp build/libtoggle.a(core-d8d9ed5c32c45353.core.b1eca9fd-cgu.0.rcgu.o)
<core::convert::Infallible as core::convert::From<!>>::from build/libtoggle.a(core-d8d9ed5c32c45353.core.b1eca9fd-cgu.0.rcgu.o)
<core::convert::Infallible as core::fmt::Debug>::fmt build/libtoggle.a(core-d8d9ed5c32c45353.core.b1eca9fd-cgu.0.rcgu.o)
<core::convert::Infallible as core::fmt::Display>::fmt build/libtoggle.a(core-d8d9ed5c32c45353.core.b1eca9fd-cgu.0.rcgu.o)
<core::core_arch::arm::dsp::int16x2_t as core::fmt::Debug>::fmt build/libtoggle.a(core-d8d9ed5c32c45353.core.b1eca9fd-cgu.0.rcgu.o)
<core::core_arch::arm::dsp::uint16x2_t as core::fmt::Debug>::fmt build/libtoggle.a(core-d8d9ed5c32c45353.core.b1eca9fd-cgu.0.rcgu.o)
<core::core_arch::arm::simd32::int8x4_t as core::fmt::Debug>::fmt build/libtoggle.a(core-d8d9ed5c32c45353.core.b1eca9fd-cgu.0.rcgu.o)
<core::core_arch::arm::simd32::uint8x4_t as core::fmt::Debug>::fmt build/libtoggle.a(core-d8d9ed5c32c45353.core.b1eca9fd-cgu.0.rcgu.o)
<core::core_arch::arm_shared::neon::float32x2_t as core::fmt::Debug>::fmt build/libtoggle.a(core-d8d9ed5c32c45353.core.b1eca9fd-cgu.0.rcgu.o)
<core::core_arch::arm_shared::neon::float32x2x2_t as core::fmt::Debug>::fmt build/libtoggle.a(core-d8d9ed5c32c45353.core.b1eca9fd-cgu.0.rcgu.o)
<core::core_arch::arm_shared::neon::float32x2x3_t as core::fmt::Debug>::fmt build/libtoggle.a(core-d8d9ed5c32c45353.core.b1eca9fd-cgu.0.rcgu.o)
<core::core_arch::arm_shared::neon::float32x2x4_t as core::fmt::Debug>::fmt build/libtoggle.a(core-d8d9ed5c32c45353.core.b1eca9fd-cgu.0.rcgu.o)
<core::core_arch::arm_shared::neon::float32x4_t as core::fmt::Debug>::fmt build/libtoggle.a(core-d8d9ed5c32c45353.core.b1eca9fd-cgu.0.rcgu.o)
<core::core_arch::arm_shared::neon::float32x4x2_t as core::fmt::Debug>::fmt build/libtoggle.a(core-d8d9ed5c32c45353.core.b1eca9fd-cgu.0.rcgu.o)
<core::core_arch::arm_shared::neon::float32x4x3_t as core::fmt::Debug>::fmt build/libtoggle.a(core-d8d9ed5c32c45353.core.b1eca9fd-cgu.0.rcgu.o)
<core::core_arch::arm_shared::neon::float32x4x4_t as core::fmt::Debug>::fmt build/libtoggle.a(core-d8d9ed5c32c45353.core.b1eca9fd-cgu.0.rcgu.o)
<core::core_arch::arm_shared::neon::int16x4_t as core::fmt::Debug>::fmt build/libtoggle.a(core-d8d9ed5c32c45353.core.b1eca9fd-cgu.0.rcgu.o)
<core::core_arch::arm_shared::neon::int16x4x2_t as core::fmt::Debug>::fmt build/libtoggle.a(core-d8d9ed5c32c45353.core.b1eca9fd-cgu.0.rcgu.o)
<core::core_arch::arm_shared::neon::int16x4x3_t as core::fmt::Debug>::fmt build/libtoggle.a(core-d8d9ed5c32c45353.core.b1eca9fd-cgu.0.rcgu.o)
<core::core_arch::arm_shared::neon::int16x4x4_t as core::fmt::Debug>::fmt build/libtoggle.a(core-d8d9ed5c32c45353.core.b1eca9fd-cgu.0.rcgu.o)
<core::core_arch::arm_shared::neon::int16x8_t as core::fmt::Debug>::fmt build/libtoggle.a(core-d8d9ed5c32c45353.core.b1eca9fd-cgu.0.rcgu.o)
<core::core_arch::arm_shared::neon::int16x8x2_t as core::fmt::Debug>::fmt build/libtoggle.a(core-d8d9ed5c32c45353.core.b1eca9fd-cgu.0.rcgu.o)
<core::core_arch::arm_shared::neon::int16x8x3_t as core::fmt::Debug>::fmt build/libtoggle.a(core-d8d9ed5c32c45353.core.b1eca9fd-cgu.0.rcgu.o)
<core::core_arch::arm_shared::neon::int16x8x4_t as core::fmt::Debug>::fmt build/libtoggle.a(core-d8d9ed5c32c45353.core.b1eca9fd-cgu.0.rcgu.o)
<core::core_arch::arm_shared::neon::int32x2_t as core::fmt::Debug>::fmt build/libtoggle.a(core-d8d9ed5c32c45353.core.b1eca9fd-cgu.0.rcgu.o)
<core::core_arch::arm_shared::neon::int32x2x2_t as core::fmt::Debug>::fmt build/libtoggle.a(core-d8d9ed5c32c45353.core.b1eca9fd-cgu.0.rcgu.o)
<core::core_arch::arm_shared::neon::int32x2x3_t as core::fmt::Debug>::fmt build/libtoggle.a(core-d8d9ed5c32c45353.core.b1eca9fd-cgu.0.rcgu.o)
<core::core_arch::arm_shared::neon::int32x2x4_t as core::fmt::Debug>::fmt build/libtoggle.a(core-d8d9ed5c32c45353.core.b1eca9fd-cgu.0.rcgu.o)
<core::core_arch::arm_shared::neon::int32x4_t as core::fmt::Debug>::fmt build/libtoggle.a(core-d8d9ed5c32c45353.core.b1eca9fd-cgu.0.rcgu.o)
<core::core_arch::arm_shared::neon::int32x4x2_t as core::fmt::Debug>::fmt build/libtoggle.a(core-d8d9ed5c32c45353.core.b1eca9fd-cgu.0.rcgu.o)
<core::core_arch::arm_shared::neon::int32x4x3_t as core::fmt::Debug>::fmt build/libtoggle.a(core-d8d9ed5c32c45353.core.b1eca9fd-cgu.0.rcgu.o)
<core::core_arch::arm_shared::neon::int32x4x4_t as core::fmt::Debug>::fmt build/libtoggle.a(core-d8d9ed5c32c45353.core.b1eca9fd-cgu.0.rcgu.o)
<core::core_arch::arm_shared::neon::int64x1_t as core::fmt::Debug>::fmt build/libtoggle.a(core-d8d9ed5c32c45353.core.b1eca9fd-cgu.0.rcgu.o)
<core::core_arch::arm_shared::neon::int64x1x2_t as core::fmt::Debug>::fmt build/libtoggle.a(core-d8d9ed5c32c45353.core.b1eca9fd-cgu.0.rcgu.o)
<core::core_arch::arm_shared::neon::int64x1x3_t as core::fmt::Debug>::fmt build/libtoggle.a(core-d8d9ed5c32c45353.core.b1eca9fd-cgu.0.rcgu.o)
<core::core_arch::arm_shared::neon::int64x1x4_t as core::fmt::Debug>::fmt build/libtoggle.a(core-d8d9ed5c32c45353.core.b1eca9fd-cgu.0.rcgu.o)
<core::core_arch::arm_shared::neon::int64x2_t as core::fmt::Debug>::fmt build/libtoggle.a(core-d8d9ed5c32c45353.core.b1eca9fd-cgu.0.rcgu.o)
<core::core_arch::arm_shared::neon::int64x2x2_t as core::fmt::Debug>::fmt build/libtoggle.a(core-d8d9ed5c32c45353.core.b1eca9fd-cgu.0.rcgu.o)
<core::core_arch::arm_shared::neon::int64x2x3_t as core::fmt::Debug>::fmt build/libtoggle.a(core-d8d9ed5c32c45353.core.b1eca9fd-cgu.0.rcgu.o)
<core::core_arch::arm_shared::neon::int64x2x4_t as core::fmt::Debug>::fmt build/libtoggle.a(core-d8d9ed5c32c45353.core.b1eca9fd-cgu.0.rcgu.o)
<core::core_arch::arm_shared::neon::int8x16_t as core::fmt::Debug>::fmt build/libtoggle.a(core-d8d9ed5c32c45353.core.b1eca9fd-cgu.0.rcgu.o)
<core::core_arch::arm_shared::neon::int8x16x2_t as core::fmt::Debug>::fmt build/libtoggle.a(core-d8d9ed5c32c45353.core.b1eca9fd-cgu.0.rcgu.o)
<core::core_arch::arm_shared::neon::int8x16x3_t as core::fmt::Debug>::fmt build/libtoggle.a(core-d8d9ed5c32c45353.core.b1eca9fd-cgu.0.rcgu.o)
<core::core_arch::arm_shared::neon::int8x16x4_t as core::fmt::Debug>::fmt build/libtoggle.a(core-d8d9ed5c32c45353.core.b1eca9fd-cgu.0.rcgu.o)
<core::core_arch::arm_shared::neon::int8x8_t as core::fmt::Debug>::fmt build/libtoggle.a(core-d8d9ed5c32c45353.core.b1eca9fd-cgu.0.rcgu.o)
<core::core_arch::arm_shared::neon::int8x8x2_t as core::fmt::Debug>::fmt build/libtoggle.a(core-d8d9ed5c32c45353.core.b1eca9fd-cgu.0.rcgu.o)
<core::core_arch::arm_shared::neon::int8x8x3_t as core::fmt::Debug>::fmt build/libtoggle.a(core-d8d9ed5c32c45353.core.b1eca9fd-cgu.0.rcgu.o)
<core::core_arch::arm_shared::neon::int8x8x4_t as core::fmt::Debug>::fmt build/libtoggle.a(core-d8d9ed5c32c45353.core.b1eca9fd-cgu.0.rcgu.o)
<core::core_arch::arm_shared::neon::poly16x4_t as core::fmt::Debug>::fmt build/libtoggle.a(core-d8d9ed5c32c45353.core.b1eca9fd-cgu.0.rcgu.o)
<core::core_arch::arm_shared::neon::poly16x4x2_t as core::fmt::Debug>::fmt build/libtoggle.a(core-d8d9ed5c32c45353.core.b1eca9fd-cgu.0.rcgu.o)
<core::core_arch::arm_shared::neon::poly16x4x3_t as core::fmt::Debug>::fmt build/libtoggle.a(core-d8d9ed5c32c45353.core.b1eca9fd-cgu.0.rcgu.o)
<core::core_arch::arm_shared::neon::poly16x4x4_t as core::fmt::Debug>::fmt build/libtoggle.a(core-d8d9ed5c32c45353.core.b1eca9fd-cgu.0.rcgu.o)
<core::core_arch::arm_shared::neon::poly16x8_t as core::fmt::Debug>::fmt build/libtoggle.a(core-d8d9ed5c32c45353.core.b1eca9fd-cgu.0.rcgu.o)
<core::core_arch::arm_shared::neon::poly16x8x2_t as core::fmt::Debug>::fmt build/libtoggle.a(core-d8d9ed5c32c45353.core.b1eca9fd-cgu.0.rcgu.o)
<core::core_arch::arm_shared::neon::poly16x8x3_t as core::fmt::Debug>::fmt build/libtoggle.a(core-d8d9ed5c32c45353.core.b1eca9fd-cgu.0.rcgu.o)
<core::core_arch::arm_shared::neon::poly16x8x4_t as core::fmt::Debug>::fmt build/libtoggle.a(core-d8d9ed5c32c45353.core.b1eca9fd-cgu.0.rcgu.o)
<core::core_arch::arm_shared::neon::poly64x1_t as core::fmt::Debug>::fmt build/libtoggle.a(core-d8d9ed5c32c45353.core.b1eca9fd-cgu.0.rcgu.o)
<core::core_arch::arm_shared::neon::poly64x1x2_t as core::fmt::Debug>::fmt build/libtoggle.a(core-d8d9ed5c32c45353.core.b1eca9fd-cgu.0.rcgu.o)
<core::core_arch::arm_shared::neon::poly64x1x3_t as core::fmt::Debug>::fmt build/libtoggle.a(core-d8d9ed5c32c45353.core.b1eca9fd-cgu.0.rcgu.o)
<core::core_arch::arm_shared::neon::poly64x1x4_t as core::fmt::Debug>::fmt build/libtoggle.a(core-d8d9ed5c32c45353.core.b1eca9fd-cgu.0.rcgu.o)
<core::core_arch::arm_shared::neon::poly64x2_t as core::fmt::Debug>::fmt build/libtoggle.a(core-d8d9ed5c32c45353.core.b1eca9fd-cgu.0.rcgu.o)
<core::core_arch::arm_shared::neon::poly64x2x2_t as core::fmt::Debug>::fmt build/libtoggle.a(core-d8d9ed5c32c45353.core.b1eca9fd-cgu.0.rcgu.o)
<core::core_arch::arm_shared::neon::poly64x2x3_t as core::fmt::Debug>::fmt build/libtoggle.a(core-d8d9ed5c32c45353.core.b1eca9fd-cgu.0.rcgu.o)
<core::core_arch::arm_shared::neon::poly64x2x4_t as core::fmt::Debug>::fmt build/libtoggle.a(core-d8d9ed5c32c45353.core.b1eca9fd-cgu.0.rcgu.o)
<core::core_arch::arm_shared::neon::poly8x16_t as core::fmt::Debug>::fmt build/libtoggle.a(core-d8d9ed5c32c45353.core.b1eca9fd-cgu.0.rcgu.o)
<core::core_arch::arm_shared::neon::poly8x16x2_t as core::fmt::Debug>::fmt build/libtoggle.a(core-d8d9ed5c32c45353.core.b1eca9fd-cgu.0.rcgu.o)
<core::core_arch::arm_shared::neon::poly8x16x3_t as core::fmt::Debug>::fmt build/libtoggle.a(core-d8d9ed5c32c45353.core.b1eca9fd-cgu.0.rcgu.o)
<core::core_arch::arm_shared::neon::poly8x16x4_t as core::fmt::Debug>::fmt build/libtoggle.a(core-d8d9ed5c32c45353.core.b1eca9fd-cgu.0.rcgu.o)
<core::core_arch::arm_shared::neon::poly8x8_t as core::fmt::Debug>::fmt build/libtoggle.a(core-d8d9ed5c32c45353.core.b1eca9fd-cgu.0.rcgu.o)
<core::core_arch::arm_shared::neon::poly8x8x2_t as core::fmt::Debug>::fmt build/libtoggle.a(core-d8d9ed5c32c45353.core.b1eca9fd-cgu.0.rcgu.o)
<core::core_arch::arm_shared::neon::poly8x8x3_t as core::fmt::Debug>::fmt build/libtoggle.a(core-d8d9ed5c32c45353.core.b1eca9fd-cgu.0.rcgu.o)
<core::core_arch::arm_shared::neon::poly8x8x4_t as core::fmt::Debug>::fmt build/libtoggle.a(core-d8d9ed5c32c45353.core.b1eca9fd-cgu.0.rcgu.o)
<core::core_arch::arm_shared::neon::uint16x4_t as core::fmt::Debug>::fmt build/libtoggle.a(core-d8d9ed5c32c45353.core.b1eca9fd-cgu.0.rcgu.o)
<core::core_arch::arm_shared::neon::uint16x4x2_t as core::fmt::Debug>::fmt build/libtoggle.a(core-d8d9ed5c32c45353.core.b1eca9fd-cgu.0.rcgu.o)
<core::core_arch::arm_shared::neon::uint16x4x3_t as core::fmt::Debug>::fmt build/libtoggle.a(core-d8d9ed5c32c45353.core.b1eca9fd-cgu.0.rcgu.o)
<core::core_arch::arm_shared::neon::uint16x4x4_t as core::fmt::Debug>::fmt build/libtoggle.a(core-d8d9ed5c32c45353.core.b1eca9fd-cgu.0.rcgu.o)
<core::core_arch::arm_shared::neon::uint16x8_t as core::fmt::Debug>::fmt build/libtoggle.a(core-d8d9ed5c32c45353.core.b1eca9fd-cgu.0.rcgu.o)
<core::core_arch::arm_shared::neon::uint16x8x2_t as core::fmt::Debug>::fmt build/libtoggle.a(core-d8d9ed5c32c45353.core.b1eca9fd-cgu.0.rcgu.o)
<core::core_arch::arm_shared::neon::uint16x8x3_t as core::fmt::Debug>::fmt build/libtoggle.a(core-d8d9ed5c32c45353.core.b1eca9fd-cgu.0.rcgu.o)
<core::core_arch::arm_shared::neon::uint16x8x4_t as core::fmt::Debug>::fmt build/libtoggle.a(core-d8d9ed5c32c45353.core.b1eca9fd-cgu.0.rcgu.o)
<core::core_arch::arm_shared::neon::uint32x2_t as core::fmt::Debug>::fmt build/libtoggle.a(core-d8d9ed5c32c45353.core.b1eca9fd-cgu.0.rcgu.o)
<core::core_arch::arm_shared::neon::uint32x2x2_t as core::fmt::Debug>::fmt build/libtoggle.a(core-d8d9ed5c32c45353.core.b1eca9fd-cgu.0.rcgu.o)
<core::core_arch::arm_shared::neon::uint32x2x3_t as core::fmt::Debug>::fmt build/libtoggle.a(core-d8d9ed5c32c45353.core.b1eca9fd-cgu.0.rcgu.o)
<core::core_arch::arm_shared::neon::uint32x2x4_t as core::fmt::Debug>::fmt build/libtoggle.a(core-d8d9ed5c32c45353.core.b1eca9fd-cgu.0.rcgu.o)
<core::core_arch::arm_shared::neon::uint32x4_t as core::fmt::Debug>::fmt build/libtoggle.a(core-d8d9ed5c32c45353.core.b1eca9fd-cgu.0.rcgu.o)
<core::core_arch::arm_shared::neon::uint32x4x2_t as core::fmt::Debug>::fmt build/libtoggle.a(core-d8d9ed5c32c45353.core.b1eca9fd-cgu.0.rcgu.o)
<core::core_arch::arm_shared::neon::uint32x4x3_t as core::fmt::Debug>::fmt build/libtoggle.a(core-d8d9ed5c32c45353.core.b1eca9fd-cgu.0.rcgu.o)
<core::core_arch::arm_shared::neon::uint32x4x4_t as core::fmt::Debug>::fmt build/libtoggle.a(core-d8d9ed5c32c45353.core.b1eca9fd-cgu.0.rcgu.o)
<core::core_arch::arm_shared::neon::uint64x1_t as core::fmt::Debug>::fmt build/libtoggle.a(core-d8d9ed5c32c45353.core.b1eca9fd-cgu.0.rcgu.o)
<core::core_arch::arm_shared::neon::uint64x1x2_t as core::fmt::Debug>::fmt build/libtoggle.a(core-d8d9ed5c32c45353.core.b1eca9fd-cgu.0.rcgu.o)
<core::core_arch::arm_shared::neon::uint64x1x3_t as core::fmt::Debug>::fmt build/libtoggle.a(core-d8d9ed5c32c45353.core.b1eca9fd-cgu.0.rcgu.o)
<core::core_arch::arm_shared::neon::uint64x1x4_t as core::fmt::Debug>::fmt build/libtoggle.a(core-d8d9ed5c32c45353.core.b1eca9fd-cgu.0.rcgu.o)
<core::core_arch::arm_shared::neon::uint64x2_t as core::fmt::Debug>::fmt build/libtoggle.a(core-d8d9ed5c32c45353.core.b1eca9fd-cgu.0.rcgu.o)
<core::core_arch::arm_shared::neon::uint64x2x2_t as core::fmt::Debug>::fmt build/libtoggle.a(core-d8d9ed5c32c45353.core.b1eca9fd-cgu.0.rcgu.o)
<core::core_arch::arm_shared::neon::uint64x2x3_t as core::fmt::Debug>::fmt build/libtoggle.a(core-d8d9ed5c32c45353.core.b1eca9fd-cgu.0.rcgu.o)
<core::core_arch::arm_shared::neon::uint64x2x4_t as core::fmt::Debug>::fmt build/libtoggle.a(core-d8d9ed5c32c45353.core.b1eca9fd-cgu.0.rcgu.o)
<core::core_arch::arm_shared::neon::uint8x16_t as core::fmt::Debug>::fmt build/libtoggle.a(core-d8d9ed5c32c45353.core.b1eca9fd-cgu.0.rcgu.o)
<core::core_arch::arm_shared::neon::uint8x16x2_t as core::fmt::Debug>::fmt build/libtoggle.a(core-d8d9ed5c32c45353.core.b1eca9fd-cgu.0.rcgu.o)
<core::core_arch::arm_shared::neon::uint8x16x3_t as core::fmt::Debug>::fmt build/libtoggle.a(core-d8d9ed5c32c45353.core.b1eca9fd-cgu.0.rcgu.o)
<core::core_arch::arm_shared::neon::uint8x16x4_t as core::fmt::Debug>::fmt build/libtoggle.a(core-d8d9ed5c32c45353.core.b1eca9fd-cgu.0.rcgu.o)
<core::core_arch::arm_shared::neon::uint8x8_t as core::fmt::Debug>::fmt build/libtoggle.a(core-d8d9ed5c32c45353.core.b1eca9fd-cgu.0.rcgu.o)
<core::core_arch::arm_shared::neon::uint8x8x2_t as core::fmt::Debug>::fmt build/libtoggle.a(core-d8d9ed5c32c45353.core.b1eca9fd-cgu.0.rcgu.o)
<core::core_arch::arm_shared::neon::uint8x8x3_t as core::fmt::Debug>::fmt build/libtoggle.a(core-d8d9ed5c32c45353.core.b1eca9fd-cgu.0.rcgu.o)
<core::core_arch::arm_shared::neon::uint8x8x4_t as core::fmt::Debug>::fmt build/libtoggle.a(core-d8d9ed5c32c45353.core.b1eca9fd-cgu.0.rcgu.o)
<core::core_arch::arm_shared::registers::v6m::CONTROL as core::core_arch::arm_shared::sealed::Rsr>::__rsr build/libtoggle.a(core-d8d9ed5c32c45353.core.b1eca9fd-cgu.0.rcgu.o)
<core::core_arch::arm_shared::registers::v6m::CONTROL as core::core_arch::arm_shared::sealed::Wsr>::__wsr build/libtoggle.a(core-d8d9ed5c32c45353.core.b1eca9fd-cgu.0.rcgu.o)
<core::core_arch::arm_shared::registers::v6m::EPSR as core::core_arch::arm_shared::sealed::Rsr>::__rsr build/libtoggle.a(core-d8d9ed5c32c45353.core.b1eca9fd-cgu.0.rcgu.o)
<core::core_arch::arm_shared::registers::v6m::IPSR as core::core_arch::arm_shared::sealed::Rsr>::__rsr build/libtoggle.a(core-d8d9ed5c32c45353.core.b1eca9fd-cgu.0.rcgu.o)
<core::core_arch::arm_shared::registers::v6m::MSP as core::core_arch::arm_shared::sealed::Rsrp>::__rsrp build/libtoggle.a(core-d8d9ed5c32c45353.core.b1eca9fd-cgu.0.rcgu.o)
<core::core_arch::arm_shared::registers::v6m::MSP as core::core_arch::arm_shared::sealed::Wsrp>::__wsrp build/libtoggle.a(core-d8d9ed5c32c45353.core.b1eca9fd-cgu.0.rcgu.o)
<core::core_arch::arm_shared::registers::v6m::PRIMASK as core::core_arch::arm_shared::sealed::Rsr>::__rsr build/libtoggle.a(core-d8d9ed5c32c45353.core.b1eca9fd-cgu.0.rcgu.o)
<core::core_arch::arm_shared::registers::v6m::PRIMASK as core::core_arch::arm_shared::sealed::Wsr>::__wsr build/libtoggle.a(core-d8d9ed5c32c45353.core.b1eca9fd-cgu.0.rcgu.o)
<core::core_arch::arm_shared::registers::v6m::PSP as core::core_arch::arm_shared::sealed::Rsrp>::__rsrp build/libtoggle.a(core-d8d9ed5c32c45353.core.b1eca9fd-cgu.0.rcgu.o)
<core::core_arch::arm_shared::registers::v6m::PSP as core::core_arch::arm_shared::sealed::Wsrp>::__wsrp build/libtoggle.a(core-d8d9ed5c32c45353.core.b1eca9fd-cgu.0.rcgu.o)
<core::core_arch::arm_shared::registers::v6m::xPSR as core::core_arch::arm_shared::sealed::Rsr>::__rsr build/libtoggle.a(core-d8d9ed5c32c45353.core.b1eca9fd-cgu.0.rcgu.o)
<core::core_arch::arm_shared::registers::v7m::BASEPRI as core::core_arch::arm_shared::sealed::Rsr>::__rsr build/libtoggle.a(core-d8d9ed5c32c45353.core.b1eca9fd-cgu.0.rcgu.o)
<core::core_arch::arm_shared::registers::v7m::BASEPRI as core::core_arch::arm_shared::sealed::Wsr>::__wsr build/libtoggle.a(core-d8d9ed5c32c45353.core.b1eca9fd-cgu.0.rcgu.o)
<core::core_arch::arm_shared::registers::v7m::BASEPRI_MAX as core::core_arch::arm_shared::sealed::Wsr>::__wsr build/libtoggle.a(core-d8d9ed5c32c45353.core.b1eca9fd-cgu.0.rcgu.o)
<core::core_arch::arm_shared::registers::v7m::FAULTMASK as core::core_arch::arm_shared::sealed::Rsr>::__rsr build/libtoggle.a(core-d8d9ed5c32c45353.core.b1eca9fd-cgu.0.rcgu.o)
<core::core_arch::arm_shared::registers::v7m::FAULTMASK as core::core_arch::arm_shared::sealed::Wsr>::__wsr build/libtoggle.a(core-d8d9ed5c32c45353.core.b1eca9fd-cgu.0.rcgu.o)
<core::core_arch::simd::f32x16 as core::fmt::Debug>::fmt build/libtoggle.a(core-d8d9ed5c32c45353.core.b1eca9fd-cgu.0.rcgu.o)
<core::core_arch::simd::f32x2 as core::fmt::Debug>::fmt build/libtoggle.a(core-d8d9ed5c32c45353.core.b1eca9fd-cgu.0.rcgu.o)
<core::core_arch::simd::f32x4 as core::fmt::Debug>::fmt build/libtoggle.a(core-d8d9ed5c32c45353.core.b1eca9fd-cgu.0.rcgu.o)
<core::core_arch::simd::f32x8 as core::fmt::Debug>::fmt build/libtoggle.a(core-d8d9ed5c32c45353.core.b1eca9fd-cgu.0.rcgu.o)
<core::core_arch::simd::f64x1 as core::fmt::Debug>::fmt build/libtoggle.a(core-d8d9ed5c32c45353.core.b1eca9fd-cgu.0.rcgu.o)
<core::core_arch::simd::f64x2 as core::fmt::Debug>::fmt build/libtoggle.a(core-d8d9ed5c32c45353.core.b1eca9fd-cgu.0.rcgu.o)
<core::core_arch::simd::f64x4 as core::fmt::Debug>::fmt build/libtoggle.a(core-d8d9ed5c32c45353.core.b1eca9fd-cgu.0.rcgu.o)
<core::core_arch::simd::f64x8 as core::fmt::Debug>::fmt build/libtoggle.a(core-d8d9ed5c32c45353.core.b1eca9fd-cgu.0.rcgu.o)
<core::core_arch::simd::i16x16 as core::fmt::Debug>::fmt build/libtoggle.a(core-d8d9ed5c32c45353.core.b1eca9fd-cgu.0.rcgu.o)
<core::core_arch::simd::i16x2 as core::fmt::Debug>::fmt build/libtoggle.a(core-d8d9ed5c32c45353.core.b1eca9fd-cgu.0.rcgu.o)
<core::core_arch::simd::i16x32 as core::fmt::Debug>::fmt build/libtoggle.a(core-d8d9ed5c32c45353.core.b1eca9fd-cgu.0.rcgu.o)
<core::core_arch::simd::i16x4 as core::fmt::Debug>::fmt build/libtoggle.a(core-d8d9ed5c32c45353.core.b1eca9fd-cgu.0.rcgu.o)
<core::core_arch::simd::i16x8 as core::fmt::Debug>::fmt build/libtoggle.a(core-d8d9ed5c32c45353.core.b1eca9fd-cgu.0.rcgu.o)
<core::core_arch::simd::i32x16 as core::fmt::Debug>::fmt build/libtoggle.a(core-d8d9ed5c32c45353.core.b1eca9fd-cgu.0.rcgu.o)
<core::core_arch::simd::i32x2 as core::fmt::Debug>::fmt build/libtoggle.a(core-d8d9ed5c32c45353.core.b1eca9fd-cgu.0.rcgu.o)
<core::core_arch::simd::i32x4 as core::fmt::Debug>::fmt build/libtoggle.a(core-d8d9ed5c32c45353.core.b1eca9fd-cgu.0.rcgu.o)
<core::core_arch::simd::i32x8 as core::fmt::Debug>::fmt build/libtoggle.a(core-d8d9ed5c32c45353.core.b1eca9fd-cgu.0.rcgu.o)
<core::core_arch::simd::i64x1 as core::fmt::Debug>::fmt build/libtoggle.a(core-d8d9ed5c32c45353.core.b1eca9fd-cgu.0.rcgu.o)
<core::core_arch::simd::i64x2 as core::fmt::Debug>::fmt build/libtoggle.a(core-d8d9ed5c32c45353.core.b1eca9fd-cgu.0.rcgu.o)
<core::core_arch::simd::i64x4 as core::fmt::Debug>::fmt build/libtoggle.a(core-d8d9ed5c32c45353.core.b1eca9fd-cgu.0.rcgu.o)
<core::core_arch::simd::i64x8 as core::fmt::Debug>::fmt build/libtoggle.a(core-d8d9ed5c32c45353.core.b1eca9fd-cgu.0.rcgu.o)
<core::core_arch::simd::i8x16 as core::fmt::Debug>::fmt build/libtoggle.a(core-d8d9ed5c32c45353.core.b1eca9fd-cgu.0.rcgu.o)
<core::core_arch::simd::i8x2 as core::fmt::Debug>::fmt build/libtoggle.a(core-d8d9ed5c32c45353.core.b1eca9fd-cgu.0.rcgu.o)
<core::core_arch::simd::i8x32 as core::fmt::Debug>::fmt build/libtoggle.a(core-d8d9ed5c32c45353.core.b1eca9fd-cgu.0.rcgu.o)
<core::core_arch::simd::i8x4 as core::fmt::Debug>::fmt build/libtoggle.a(core-d8d9ed5c32c45353.core.b1eca9fd-cgu.0.rcgu.o)
<core::core_arch::simd::i8x64 as core::fmt::Debug>::fmt build/libtoggle.a(core-d8d9ed5c32c45353.core.b1eca9fd-cgu.0.rcgu.o)
<core::core_arch::simd::i8x8 as core::fmt::Debug>::fmt build/libtoggle.a(core-d8d9ed5c32c45353.core.b1eca9fd-cgu.0.rcgu.o)
<core::core_arch::simd::m16x8 as core::fmt::Debug>::fmt build/libtoggle.a(core-d8d9ed5c32c45353.core.b1eca9fd-cgu.0.rcgu.o)
<core::core_arch::simd::m32x4 as core::fmt::Debug>::fmt build/libtoggle.a(core-d8d9ed5c32c45353.core.b1eca9fd-cgu.0.rcgu.o)
<core::core_arch::simd::m64x2 as core::fmt::Debug>::fmt build/libtoggle.a(core-d8d9ed5c32c45353.core.b1eca9fd-cgu.0.rcgu.o)
<core::core_arch::simd::m8x16 as core::fmt::Debug>::fmt build/libtoggle.a(core-d8d9ed5c32c45353.core.b1eca9fd-cgu.0.rcgu.o)
<core::core_arch::simd::u16x16 as core::fmt::Debug>::fmt build/libtoggle.a(core-d8d9ed5c32c45353.core.b1eca9fd-cgu.0.rcgu.o)
<core::core_arch::simd::u16x2 as core::fmt::Debug>::fmt build/libtoggle.a(core-d8d9ed5c32c45353.core.b1eca9fd-cgu.0.rcgu.o)
<core::core_arch::simd::u16x32 as core::fmt::Debug>::fmt build/libtoggle.a(core-d8d9ed5c32c45353.core.b1eca9fd-cgu.0.rcgu.o)
<core::core_arch::simd::u16x4 as core::fmt::Debug>::fmt build/libtoggle.a(core-d8d9ed5c32c45353.core.b1eca9fd-cgu.0.rcgu.o)
<core::core_arch::simd::u16x8 as core::fmt::Debug>::fmt build/libtoggle.a(core-d8d9ed5c32c45353.core.b1eca9fd-cgu.0.rcgu.o)
<core::core_arch::simd::u32x16 as core::fmt::Debug>::fmt build/libtoggle.a(core-d8d9ed5c32c45353.core.b1eca9fd-cgu.0.rcgu.o)
<core::core_arch::simd::u32x2 as core::fmt::Debug>::fmt build/libtoggle.a(core-d8d9ed5c32c45353.core.b1eca9fd-cgu.0.rcgu.o)
<core::core_arch::simd::u32x4 as core::fmt::Debug>::fmt build/libtoggle.a(core-d8d9ed5c32c45353.core.b1eca9fd-cgu.0.rcgu.o)
<core::core_arch::simd::u32x8 as core::fmt::Debug>::fmt build/libtoggle.a(core-d8d9ed5c32c45353.core.b1eca9fd-cgu.0.rcgu.o)
<core::core_arch::simd::u64x1 as core::fmt::Debug>::fmt build/libtoggle.a(core-d8d9ed5c32c45353.core.b1eca9fd-cgu.0.rcgu.o)
<core::core_arch::simd::u64x2 as core::fmt::Debug>::fmt build/libtoggle.a(core-d8d9ed5c32c45353.core.b1eca9fd-cgu.0.rcgu.o)
<core::core_arch::simd::u64x4 as core::fmt::Debug>::fmt build/libtoggle.a(core-d8d9ed5c32c45353.core.b1eca9fd-cgu.0.rcgu.o)
<core::core_arch::simd::u64x8 as core::fmt::Debug>::fmt build/libtoggle.a(core-d8d9ed5c32c45353.core.b1eca9fd-cgu.0.rcgu.o)
<core::core_arch::simd::u8x16 as core::fmt::Debug>::fmt build/libtoggle.a(core-d8d9ed5c32c45353.core.b1eca9fd-cgu.0.rcgu.o)
<core::core_arch::simd::u8x2 as core::fmt::Debug>::fmt build/libtoggle.a(core-d8d9ed5c32c45353.core.b1eca9fd-cgu.0.rcgu.o)
<core::core_arch::simd::u8x32 as core::fmt::Debug>::fmt build/libtoggle.a(core-d8d9ed5c32c45353.core.b1eca9fd-cgu.0.rcgu.o)
<core::core_arch::simd::u8x4 as core::fmt::Debug>::fmt build/libtoggle.a(core-d8d9ed5c32c45353.core.b1eca9fd-cgu.0.rcgu.o)
<core::core_arch::simd::u8x64 as core::fmt::Debug>::fmt build/libtoggle.a(core-d8d9ed5c32c45353.core.b1eca9fd-cgu.0.rcgu.o)
<core::core_arch::simd::u8x8 as core::fmt::Debug>::fmt build/libtoggle.a(core-d8d9ed5c32c45353.core.b1eca9fd-cgu.0.rcgu.o)
<core::core_simd::swizzle::Which as core::fmt::Debug>::fmt build/libtoggle.a(core-d8d9ed5c32c45353.core.b1eca9fd-cgu.0.rcgu.o)
<core::ffi::VaList as core::fmt::Debug>::fmt      build/libtoggle.a(core-d8d9ed5c32c45353.core.b1eca9fd-cgu.0.rcgu.o)
<core::ffi::VaListImpl as core::fmt::Debug>::fmt  build/libtoggle.a(core-d8d9ed5c32c45353.core.b1eca9fd-cgu.0.rcgu.o)
<core::ffi::VaListImpl as core::ops::drop::Drop>::drop build/libtoggle.a(core-d8d9ed5c32c45353.core.b1eca9fd-cgu.0.rcgu.o)
<core::ffi::c_void as core::fmt::Debug>::fmt      build/libtoggle.a(core-d8d9ed5c32c45353.core.b1eca9fd-cgu.0.rcgu.o)
<core::fmt::Alignment as core::fmt::Debug>::fmt   build/libtoggle.a(core-d8d9ed5c32c45353.core.b1eca9fd-cgu.0.rcgu.o)
<core::fmt::Arguments as core::fmt::Debug>::fmt   build/libtoggle.a(core-d8d9ed5c32c45353.core.b1eca9fd-cgu.0.rcgu.o)
<core::fmt::Arguments as core::fmt::Display>::fmt build/libtoggle.a(core-d8d9ed5c32c45353.core.b1eca9fd-cgu.0.rcgu.o)
<core::fmt::Error as core::fmt::Debug>::fmt       build/libtoggle.a(core-d8d9ed5c32c45353.core.b1eca9fd-cgu.0.rcgu.o)
<core::fmt::Error as core::fmt::Display>::fmt     build/libtoggle.a(core-d8d9ed5c32c45353.core.b1eca9fd-cgu.0.rcgu.o)
<core::fmt::Formatter as core::fmt::Write>::write_char build/libtoggle.a(core-d8d9ed5c32c45353.core.b1eca9fd-cgu.0.rcgu.o)
<core::fmt::Formatter as core::fmt::Write>::write_fmt build/libtoggle.a(core-d8d9ed5c32c45353.core.b1eca9fd-cgu.0.rcgu.o)
<core::fmt::Formatter as core::fmt::Write>::write_str build/libtoggle.a(core-d8d9ed5c32c45353.core.b1eca9fd-cgu.0.rcgu.o)
<core::fmt::builders::PadAdapter as core::fmt::Write>::write_str build/libtoggle.a(core-d8d9ed5c32c45353.core.b1eca9fd-cgu.0.rcgu.o)
<core::fmt::builders::PadAdapterState as core::default::Default>::default build/libtoggle.a(core-d8d9ed5c32c45353.core.b1eca9fd-cgu.0.rcgu.o)
<core::fmt::num::Binary as core::fmt::num::GenericRadix>::digit build/libtoggle.a(core-d8d9ed5c32c45353.core.b1eca9fd-cgu.0.rcgu.o)
<core::fmt::num::LowerHex as core::fmt::num::GenericRadix>::digit build/libtoggle.a(core-d8d9ed5c32c45353.core.b1eca9fd-cgu.0.rcgu.o)
<core::fmt::num::Octal as core::fmt::num::GenericRadix>::digit build/libtoggle.a(core-d8d9ed5c32c45353.core.b1eca9fd-cgu.0.rcgu.o)
<core::fmt::num::UpperHex as core::fmt::num::GenericRadix>::digit build/libtoggle.a(core-d8d9ed5c32c45353.core.b1eca9fd-cgu.0.rcgu.o)
<core::future::ResumeTy as core::fmt::Debug>::fmt build/libtoggle.a(core-d8d9ed5c32c45353.core.b1eca9fd-cgu.0.rcgu.o)
<core::hash::sip::Sip13Rounds as core::fmt::Debug>::fmt build/libtoggle.a(core-d8d9ed5c32c45353.core.b1eca9fd-cgu.0.rcgu.o)
<core::hash::sip::Sip24Rounds as core::fmt::Debug>::fmt build/libtoggle.a(core-d8d9ed5c32c45353.core.b1eca9fd-cgu.0.rcgu.o)
<core::hash::sip::SipHasher as core::fmt::Debug>::fmt build/libtoggle.a(core-d8d9ed5c32c45353.core.b1eca9fd-cgu.0.rcgu.o)
<core::hash::sip::SipHasher13 as core::fmt::Debug>::fmt build/libtoggle.a(core-d8d9ed5c32c45353.core.b1eca9fd-cgu.0.rcgu.o)
<core::hash::sip::SipHasher24 as core::fmt::Debug>::fmt build/libtoggle.a(core-d8d9ed5c32c45353.core.b1eca9fd-cgu.0.rcgu.o)
<core::hash::sip::State as core::fmt::Debug>::fmt build/libtoggle.a(core-d8d9ed5c32c45353.core.b1eca9fd-cgu.0.rcgu.o)
<core::marker::PhantomPinned as core::fmt::Debug>::fmt build/libtoggle.a(core-d8d9ed5c32c45353.core.b1eca9fd-cgu.0.rcgu.o)
<core::num::FpCategory as core::fmt::Debug>::fmt  build/libtoggle.a(core-d8d9ed5c32c45353.core.b1eca9fd-cgu.0.rcgu.o)
<core::num::bignum::Big32x40 as core::clone::Clone>::clone build/libtoggle.a(core-d8d9ed5c32c45353.core.b1eca9fd-cgu.0.rcgu.o)
<core::num::bignum::Big32x40 as core::cmp::Ord>::cmp build/libtoggle.a(core-d8d9ed5c32c45353.core.b1eca9fd-cgu.0.rcgu.o)
<core::num::bignum::Big32x40 as core::cmp::PartialEq>::eq build/libtoggle.a(core-d8d9ed5c32c45353.core.b1eca9fd-cgu.0.rcgu.o)
<core::num::bignum::Big32x40 as core::cmp::PartialOrd>::partial_cmp build/libtoggle.a(core-d8d9ed5c32c45353.core.b1eca9fd-cgu.0.rcgu.o)
<core::num::bignum::Big32x40 as core::fmt::Debug>::fmt build/libtoggle.a(core-d8d9ed5c32c45353.core.b1eca9fd-cgu.0.rcgu.o)
<core::num::bignum::tests::Big8x3 as core::clone::Clone>::clone build/libtoggle.a(core-d8d9ed5c32c45353.core.b1eca9fd-cgu.0.rcgu.o)
<core::num::bignum::tests::Big8x3 as core::cmp::Ord>::cmp build/libtoggle.a(core-d8d9ed5c32c45353.core.b1eca9fd-cgu.0.rcgu.o)
<core::num::bignum::tests::Big8x3 as core::cmp::PartialEq>::eq build/libtoggle.a(core-d8d9ed5c32c45353.core.b1eca9fd-cgu.0.rcgu.o)
<core::num::bignum::tests::Big8x3 as core::cmp::PartialOrd>::partial_cmp build/libtoggle.a(core-d8d9ed5c32c45353.core.b1eca9fd-cgu.0.rcgu.o)
<core::num::bignum::tests::Big8x3 as core::fmt::Debug>::fmt build/libtoggle.a(core-d8d9ed5c32c45353.core.b1eca9fd-cgu.0.rcgu.o)
<core::num::dec2flt::FloatErrorKind as core::fmt::Debug>::fmt build/libtoggle.a(core-d8d9ed5c32c45353.core.b1eca9fd-cgu.0.rcgu.o)
<core::num::dec2flt::ParseFloatError as core::fmt::Debug>::fmt build/libtoggle.a(core-d8d9ed5c32c45353.core.b1eca9fd-cgu.0.rcgu.o)
<core::num::dec2flt::ParseFloatError as core::fmt::Display>::fmt build/libtoggle.a(core-d8d9ed5c32c45353.core.b1eca9fd-cgu.0.rcgu.o)
<core::num::dec2flt::common::AsciiStr as core::fmt::Debug>::fmt build/libtoggle.a(core-d8d9ed5c32c45353.core.b1eca9fd-cgu.0.rcgu.o)
<core::num::dec2flt::common::BiasedFp as core::fmt::Debug>::fmt build/libtoggle.a(core-d8d9ed5c32c45353.core.b1eca9fd-cgu.0.rcgu.o)
<core::num::dec2flt::decimal::Decimal as core::default::Default>::default build/libtoggle.a(core-d8d9ed5c32c45353.core.b1eca9fd-cgu.0.rcgu.o)
<core::num::dec2flt::number::Number as core::fmt::Debug>::fmt build/libtoggle.a(core-d8d9ed5c32c45353.core.b1eca9fd-cgu.0.rcgu.o)
<core::num::diy_float::Fp as core::fmt::Debug>::fmt build/libtoggle.a(core-d8d9ed5c32c45353.core.b1eca9fd-cgu.0.rcgu.o)
<core::num::error::IntErrorKind as core::fmt::Debug>::fmt build/libtoggle.a(core-d8d9ed5c32c45353.core.b1eca9fd-cgu.0.rcgu.o)
<core::num::error::ParseIntError as core::fmt::Debug>::fmt build/libtoggle.a(core-d8d9ed5c32c45353.core.b1eca9fd-cgu.0.rcgu.o)
<core::num::error::ParseIntError as core::fmt::Display>::fmt build/libtoggle.a(core-d8d9ed5c32c45353.core.b1eca9fd-cgu.0.rcgu.o)
<core::num::error::TryFromIntError as core::convert::From<!>>::from build/libtoggle.a(core-d8d9ed5c32c45353.core.b1eca9fd-cgu.0.rcgu.o)
<core::num::error::TryFromIntError as core::convert::From<core::convert::Infallible>>::from build/libtoggle.a(core-d8d9ed5c32c45353.core.b1eca9fd-cgu.0.rcgu.o)
<core::num::error::TryFromIntError as core::fmt::Debug>::fmt build/libtoggle.a(core-d8d9ed5c32c45353.core.b1eca9fd-cgu.0.rcgu.o)
<core::num::error::TryFromIntError as core::fmt::Display>::fmt build/libtoggle.a(core-d8d9ed5c32c45353.core.b1eca9fd-cgu.0.rcgu.o)
<core::num::flt2dec::Sign as core::fmt::Debug>::fmt build/libtoggle.a(core-d8d9ed5c32c45353.core.b1eca9fd-cgu.0.rcgu.o)
<core::num::flt2dec::decoder::Decoded as core::fmt::Debug>::fmt build/libtoggle.a(core-d8d9ed5c32c45353.core.b1eca9fd-cgu.0.rcgu.o)
<core::num::flt2dec::decoder::FullDecoded as core::fmt::Debug>::fmt build/libtoggle.a(core-d8d9ed5c32c45353.core.b1eca9fd-cgu.0.rcgu.o)
<core::num::fmt::Part as core::fmt::Debug>::fmt   build/libtoggle.a(core-d8d9ed5c32c45353.core.b1eca9fd-cgu.0.rcgu.o)
<core::num::nonzero::NonZeroI128 as core::str::traits::FromStr>::from_str build/libtoggle.a(core-d8d9ed5c32c45353.core.b1eca9fd-cgu.0.rcgu.o)
<core::num::nonzero::NonZeroI16 as core::str::traits::FromStr>::from_str build/libtoggle.a(core-d8d9ed5c32c45353.core.b1eca9fd-cgu.0.rcgu.o)
<core::num::nonzero::NonZeroI32 as core::str::traits::FromStr>::from_str build/libtoggle.a(core-d8d9ed5c32c45353.core.b1eca9fd-cgu.0.rcgu.o)
<core::num::nonzero::NonZeroI64 as core::str::traits::FromStr>::from_str build/libtoggle.a(core-d8d9ed5c32c45353.core.b1eca9fd-cgu.0.rcgu.o)
<core::num::nonzero::NonZeroI8 as core::str::traits::FromStr>::from_str build/libtoggle.a(core-d8d9ed5c32c45353.core.b1eca9fd-cgu.0.rcgu.o)
<core::num::nonzero::NonZeroIsize as core::str::traits::FromStr>::from_str build/libtoggle.a(core-d8d9ed5c32c45353.core.b1eca9fd-cgu.0.rcgu.o)
<core::num::nonzero::NonZeroU128 as core::str::traits::FromStr>::from_str build/libtoggle.a(core-d8d9ed5c32c45353.core.b1eca9fd-cgu.0.rcgu.o)
<core::num::nonzero::NonZeroU16 as core::str::traits::FromStr>::from_str build/libtoggle.a(core-d8d9ed5c32c45353.core.b1eca9fd-cgu.0.rcgu.o)
<core::num::nonzero::NonZeroU32 as core::str::traits::FromStr>::from_str build/libtoggle.a(core-d8d9ed5c32c45353.core.b1eca9fd-cgu.0.rcgu.o)
<core::num::nonzero::NonZeroU64 as core::str::traits::FromStr>::from_str build/libtoggle.a(core-d8d9ed5c32c45353.core.b1eca9fd-cgu.0.rcgu.o)
<core::num::nonzero::NonZeroU8 as core::str::traits::FromStr>::from_str build/libtoggle.a(core-d8d9ed5c32c45353.core.b1eca9fd-cgu.0.rcgu.o)
<core::num::nonzero::NonZeroUsize as core::str::traits::FromStr>::from_str build/libtoggle.a(core-d8d9ed5c32c45353.core.b1eca9fd-cgu.0.rcgu.o)
<core::ops::range::RangeFull as core::fmt::Debug>::fmt build/libtoggle.a(core-d8d9ed5c32c45353.core.b1eca9fd-cgu.0.rcgu.o)
<core::panic::location::Location as core::fmt::Debug>::fmt build/libtoggle.a(core-d8d9ed5c32c45353.core.b1eca9fd-cgu.0.rcgu.o)
<core::panic::location::Location as core::fmt::Display>::fmt build/libtoggle.a(core-d8d9ed5c32c45353.core.b1eca9fd-cgu.0.rcgu.o)
<core::panic::panic_info::PanicInfo as core::fmt::Debug>::fmt build/libtoggle.a(core-d8d9ed5c32c45353.core.b1eca9fd-cgu.0.rcgu.o)
<core::panic::panic_info::PanicInfo as core::fmt::Display>::fmt build/libtoggle.a(core-d8d9ed5c32c45353.core.b1eca9fd-cgu.0.rcgu.o)
<core::panicking::AssertKind as core::fmt::Debug>::fmt build/libtoggle.a(core-d8d9ed5c32c45353.core.b1eca9fd-cgu.0.rcgu.o)
<core::panicking::assert_matches_failed::Pattern as core::fmt::Debug>::fmt build/libtoggle.a(core-d8d9ed5c32c45353.core.b1eca9fd-cgu.0.rcgu.o)
<core::slice::ascii::EscapeAscii as core::fmt::Debug>::fmt build/libtoggle.a(core-d8d9ed5c32c45353.core.b1eca9fd-cgu.0.rcgu.o)
<core::slice::ascii::EscapeAscii as core::fmt::Display>::fmt build/libtoggle.a(core-d8d9ed5c32c45353.core.b1eca9fd-cgu.0.rcgu.o)
<core::slice::ascii::EscapeAscii as core::iter::traits::double_ended::DoubleEndedIterator>::next_back build/libtoggle.a(core-d8d9ed5c32c45353.core.b1eca9fd-cgu.0.rcgu.o)
<core::str::error::ParseBoolError as core::fmt::Debug>::fmt build/libtoggle.a(core-d8d9ed5c32c45353.core.b1eca9fd-cgu.0.rcgu.o)
<core::str::error::ParseBoolError as core::fmt::Display>::fmt build/libtoggle.a(core-d8d9ed5c32c45353.core.b1eca9fd-cgu.0.rcgu.o)
<core::str::error::Utf8Error as core::fmt::Debug>::fmt build/libtoggle.a(core-d8d9ed5c32c45353.core.b1eca9fd-cgu.0.rcgu.o)
<core::str::error::Utf8Error as core::fmt::Display>::fmt build/libtoggle.a(core-d8d9ed5c32c45353.core.b1eca9fd-cgu.0.rcgu.o)
<core::str::iter::Bytes as core::fmt::Debug>::fmt build/libtoggle.a(core-d8d9ed5c32c45353.core.b1eca9fd-cgu.0.rcgu.o)
<core::str::iter::CharIndices as core::fmt::Debug>::fmt build/libtoggle.a(core-d8d9ed5c32c45353.core.b1eca9fd-cgu.0.rcgu.o)
<core::str::iter::Chars as core::fmt::Debug>::fmt build/libtoggle.a(core-d8d9ed5c32c45353.core.b1eca9fd-cgu.0.rcgu.o)
<core::str::iter::EncodeUtf16 as core::fmt::Debug>::fmt build/libtoggle.a(core-d8d9ed5c32c45353.core.b1eca9fd-cgu.0.rcgu.o)
<core::str::iter::EscapeDebug as core::fmt::Debug>::fmt build/libtoggle.a(core-d8d9ed5c32c45353.core.b1eca9fd-cgu.0.rcgu.o)
<core::str::iter::EscapeDebug as core::fmt::Display>::fmt build/libtoggle.a(core-d8d9ed5c32c45353.core.b1eca9fd-cgu.0.rcgu.o)
<core::str::iter::EscapeDefault as core::fmt::Debug>::fmt build/libtoggle.a(core-d8d9ed5c32c45353.core.b1eca9fd-cgu.0.rcgu.o)
<core::str::iter::EscapeDefault as core::fmt::Display>::fmt build/libtoggle.a(core-d8d9ed5c32c45353.core.b1eca9fd-cgu.0.rcgu.o)
<core::str::iter::EscapeUnicode as core::fmt::Debug>::fmt build/libtoggle.a(core-d8d9ed5c32c45353.core.b1eca9fd-cgu.0.rcgu.o)
<core::str::iter::EscapeUnicode as core::fmt::Display>::fmt build/libtoggle.a(core-d8d9ed5c32c45353.core.b1eca9fd-cgu.0.rcgu.o)
<core::str::iter::Lines as core::fmt::Debug>::fmt build/libtoggle.a(core-d8d9ed5c32c45353.core.b1eca9fd-cgu.0.rcgu.o)
<core::str::iter::LinesAny as core::fmt::Debug>::fmt build/libtoggle.a(core-d8d9ed5c32c45353.core.b1eca9fd-cgu.0.rcgu.o)
<core::str::iter::SplitAsciiWhitespace as core::fmt::Debug>::fmt build/libtoggle.a(core-d8d9ed5c32c45353.core.b1eca9fd-cgu.0.rcgu.o)
<core::str::iter::SplitWhitespace as core::fmt::Debug>::fmt build/libtoggle.a(core-d8d9ed5c32c45353.core.b1eca9fd-cgu.0.rcgu.o)
<core::str::lossy::Utf8Lossy as core::fmt::Debug>::fmt build/libtoggle.a(core-d8d9ed5c32c45353.core.b1eca9fd-cgu.0.rcgu.o)
<core::str::lossy::Utf8Lossy as core::fmt::Display>::fmt build/libtoggle.a(core-d8d9ed5c32c45353.core.b1eca9fd-cgu.0.rcgu.o)
<core::str::lossy::Utf8LossyChunk as core::fmt::Debug>::fmt build/libtoggle.a(core-d8d9ed5c32c45353.core.b1eca9fd-cgu.0.rcgu.o)
<core::str::lossy::Utf8LossyChunksIter as core::iter::traits::iterator::Iterator>::next build/libtoggle.a(core-d8d9ed5c32c45353.core.b1eca9fd-cgu.0.rcgu.o)
<core::str::pattern::CharSearcher as core::fmt::Debug>::fmt build/libtoggle.a(core-d8d9ed5c32c45353.core.b1eca9fd-cgu.0.rcgu.o)
<core::str::pattern::CharSliceSearcher as core::fmt::Debug>::fmt build/libtoggle.a(core-d8d9ed5c32c45353.core.b1eca9fd-cgu.0.rcgu.o)
<core::str::pattern::EmptyNeedle as core::fmt::Debug>::fmt build/libtoggle.a(core-d8d9ed5c32c45353.core.b1eca9fd-cgu.0.rcgu.o)
<core::str::pattern::SearchStep as core::fmt::Debug>::fmt build/libtoggle.a(core-d8d9ed5c32c45353.core.b1eca9fd-cgu.0.rcgu.o)
<core::str::pattern::StrSearcher as core::fmt::Debug>::fmt build/libtoggle.a(core-d8d9ed5c32c45353.core.b1eca9fd-cgu.0.rcgu.o)
<core::str::pattern::StrSearcherImpl as core::fmt::Debug>::fmt build/libtoggle.a(core-d8d9ed5c32c45353.core.b1eca9fd-cgu.0.rcgu.o)
<core::str::pattern::TwoWaySearcher as core::fmt::Debug>::fmt build/libtoggle.a(core-d8d9ed5c32c45353.core.b1eca9fd-cgu.0.rcgu.o)
<core::sync::atomic::AtomicBool as core::fmt::Debug>::fmt build/libtoggle.a(core-d8d9ed5c32c45353.core.b1eca9fd-cgu.0.rcgu.o)
<core::sync::atomic::AtomicI16 as core::fmt::Debug>::fmt build/libtoggle.a(core-d8d9ed5c32c45353.core.b1eca9fd-cgu.0.rcgu.o)
<core::sync::atomic::AtomicI32 as core::fmt::Debug>::fmt build/libtoggle.a(core-d8d9ed5c32c45353.core.b1eca9fd-cgu.0.rcgu.o)
<core::sync::atomic::AtomicI8 as core::fmt::Debug>::fmt build/libtoggle.a(core-d8d9ed5c32c45353.core.b1eca9fd-cgu.0.rcgu.o)
<core::sync::atomic::AtomicIsize as core::fmt::Debug>::fmt build/libtoggle.a(core-d8d9ed5c32c45353.core.b1eca9fd-cgu.0.rcgu.o)
<core::sync::atomic::AtomicU16 as core::fmt::Debug>::fmt build/libtoggle.a(core-d8d9ed5c32c45353.core.b1eca9fd-cgu.0.rcgu.o)
<core::sync::atomic::AtomicU32 as core::fmt::Debug>::fmt build/libtoggle.a(core-d8d9ed5c32c45353.core.b1eca9fd-cgu.0.rcgu.o)
<core::sync::atomic::AtomicU8 as core::fmt::Debug>::fmt build/libtoggle.a(core-d8d9ed5c32c45353.core.b1eca9fd-cgu.0.rcgu.o)
<core::sync::atomic::AtomicUsize as core::fmt::Debug>::fmt build/libtoggle.a(core-d8d9ed5c32c45353.core.b1eca9fd-cgu.0.rcgu.o)
<core::sync::atomic::Ordering as core::fmt::Debug>::fmt build/libtoggle.a(core-d8d9ed5c32c45353.core.b1eca9fd-cgu.0.rcgu.o)